Archive member included to satisfy reference by file (symbol)

c:/program files (x86)/gnu arm embedded toolchain/10 2021.07/bin/../lib/gcc/arm-none-eabi/10.3.1/../../../../arm-none-eabi/lib/thumb/v7e-m+fp/hard\libc_nano.a(lib_a-errno.o)
                              Debug/syscalls.o (__errno)
c:/program files (x86)/gnu arm embedded toolchain/10 2021.07/bin/../lib/gcc/arm-none-eabi/10.3.1/../../../../arm-none-eabi/lib/thumb/v7e-m+fp/hard\libc_nano.a(lib_a-exit.o)
                              c:/program files (x86)/gnu arm embedded toolchain/10 2021.07/bin/../lib/gcc/arm-none-eabi/10.3.1/../../../../arm-none-eabi/lib/thumb/v7e-m+fp/hard/crt0.o (exit)
c:/program files (x86)/gnu arm embedded toolchain/10 2021.07/bin/../lib/gcc/arm-none-eabi/10.3.1/../../../../arm-none-eabi/lib/thumb/v7e-m+fp/hard\libc_nano.a(lib_a-fflush.o)
                              Debug/main.o (fflush)
c:/program files (x86)/gnu arm embedded toolchain/10 2021.07/bin/../lib/gcc/arm-none-eabi/10.3.1/../../../../arm-none-eabi/lib/thumb/v7e-m+fp/hard\libc_nano.a(lib_a-findfp.o)
                              c:/program files (x86)/gnu arm embedded toolchain/10 2021.07/bin/../lib/gcc/arm-none-eabi/10.3.1/../../../../arm-none-eabi/lib/thumb/v7e-m+fp/hard\libc_nano.a(lib_a-fflush.o) (__sinit)
c:/program files (x86)/gnu arm embedded toolchain/10 2021.07/bin/../lib/gcc/arm-none-eabi/10.3.1/../../../../arm-none-eabi/lib/thumb/v7e-m+fp/hard\libc_nano.a(lib_a-fwalk.o)
                              c:/program files (x86)/gnu arm embedded toolchain/10 2021.07/bin/../lib/gcc/arm-none-eabi/10.3.1/../../../../arm-none-eabi/lib/thumb/v7e-m+fp/hard\libc_nano.a(lib_a-findfp.o) (_fwalk)
c:/program files (x86)/gnu arm embedded toolchain/10 2021.07/bin/../lib/gcc/arm-none-eabi/10.3.1/../../../../arm-none-eabi/lib/thumb/v7e-m+fp/hard\libc_nano.a(lib_a-impure.o)
                              c:/program files (x86)/gnu arm embedded toolchain/10 2021.07/bin/../lib/gcc/arm-none-eabi/10.3.1/../../../../arm-none-eabi/lib/thumb/v7e-m+fp/hard\libc_nano.a(lib_a-exit.o) (_global_impure_ptr)
c:/program files (x86)/gnu arm embedded toolchain/10 2021.07/bin/../lib/gcc/arm-none-eabi/10.3.1/../../../../arm-none-eabi/lib/thumb/v7e-m+fp/hard\libc_nano.a(lib_a-init.o)
                              c:/program files (x86)/gnu arm embedded toolchain/10 2021.07/bin/../lib/gcc/arm-none-eabi/10.3.1/../../../../arm-none-eabi/lib/thumb/v7e-m+fp/hard/crt0.o (__libc_init_array)
c:/program files (x86)/gnu arm embedded toolchain/10 2021.07/bin/../lib/gcc/arm-none-eabi/10.3.1/../../../../arm-none-eabi/lib/thumb/v7e-m+fp/hard\libc_nano.a(lib_a-lock.o)
                              c:/program files (x86)/gnu arm embedded toolchain/10 2021.07/bin/../lib/gcc/arm-none-eabi/10.3.1/../../../../arm-none-eabi/lib/thumb/v7e-m+fp/hard\libc_nano.a(lib_a-findfp.o) (__retarget_lock_init_recursive)
c:/program files (x86)/gnu arm embedded toolchain/10 2021.07/bin/../lib/gcc/arm-none-eabi/10.3.1/../../../../arm-none-eabi/lib/thumb/v7e-m+fp/hard\libc_nano.a(lib_a-memcpy-stub.o)
                              Debug/queue.o (memcpy)
c:/program files (x86)/gnu arm embedded toolchain/10 2021.07/bin/../lib/gcc/arm-none-eabi/10.3.1/../../../../arm-none-eabi/lib/thumb/v7e-m+fp/hard\libc_nano.a(lib_a-memset.o)
                              c:/program files (x86)/gnu arm embedded toolchain/10 2021.07/bin/../lib/gcc/arm-none-eabi/10.3.1/../../../../arm-none-eabi/lib/thumb/v7e-m+fp/hard/crt0.o (memset)
c:/program files (x86)/gnu arm embedded toolchain/10 2021.07/bin/../lib/gcc/arm-none-eabi/10.3.1/../../../../arm-none-eabi/lib/thumb/v7e-m+fp/hard\libc_nano.a(lib_a-nano-freer.o)
                              c:/program files (x86)/gnu arm embedded toolchain/10 2021.07/bin/../lib/gcc/arm-none-eabi/10.3.1/../../../../arm-none-eabi/lib/thumb/v7e-m+fp/hard\libc_nano.a(lib_a-fflush.o) (_free_r)
c:/program files (x86)/gnu arm embedded toolchain/10 2021.07/bin/../lib/gcc/arm-none-eabi/10.3.1/../../../../arm-none-eabi/lib/thumb/v7e-m+fp/hard\libc_nano.a(lib_a-nano-mallocr.o)
                              c:/program files (x86)/gnu arm embedded toolchain/10 2021.07/bin/../lib/gcc/arm-none-eabi/10.3.1/../../../../arm-none-eabi/lib/thumb/v7e-m+fp/hard\libc_nano.a(lib_a-findfp.o) (_malloc_r)
c:/program files (x86)/gnu arm embedded toolchain/10 2021.07/bin/../lib/gcc/arm-none-eabi/10.3.1/../../../../arm-none-eabi/lib/thumb/v7e-m+fp/hard\libc_nano.a(lib_a-printf.o)
                              Debug/main.o (printf)
c:/program files (x86)/gnu arm embedded toolchain/10 2021.07/bin/../lib/gcc/arm-none-eabi/10.3.1/../../../../arm-none-eabi/lib/thumb/v7e-m+fp/hard\libc_nano.a(lib_a-puts.o)
                              Debug/main.o (puts)
c:/program files (x86)/gnu arm embedded toolchain/10 2021.07/bin/../lib/gcc/arm-none-eabi/10.3.1/../../../../arm-none-eabi/lib/thumb/v7e-m+fp/hard\libc_nano.a(lib_a-sbrkr.o)
[...]
Memory Configuration

Name             Origin             Length             Attributes
CCMRAM           0x10000000         0x00004000         xrw
RAM              0x20000000         0x00010000         xrw
FLASH            0x08000000         0x00080000         xr
*default*        0x00000000         0xffffffff

Linker script and memory map

LOAD c:/program files (x86)/gnu arm embedded toolchain/10 2021.07/bin/../lib/gcc/arm-none-eabi/10.3.1/thumb/v7e-m+fp/hard/crti.o
LOAD c:/program files (x86)/gnu arm embedded toolchain/10 2021.07/bin/../lib/gcc/arm-none-eabi/10.3.1/thumb/v7e-m+fp/hard/crtbegin.o
LOAD c:/program files (x86)/gnu arm embedded toolchain/10 2021.07/bin/../lib/gcc/arm-none-eabi/10.3.1/../../../../arm-none-eabi/lib/thumb/v7e-m+fp/hard/crt0.o
LOAD Debug/myusart.o
LOAD Debug/main.o
LOAD Debug/syscalls.o
LOAD Debug/tasks.o
LOAD Debug/timers.o
LOAD Debug/event_groups.o
LOAD Debug/list.o
LOAD Debug/croutine.o
LOAD Debug/queue.o
LOAD Debug/stream_buffer.o
LOAD Debug/port.o
LOAD Debug/heap_4.o
LOAD Debug/startup_stm32f303zetx.o
LOAD c:/program files (x86)/gnu arm embedded toolchain/10 2021.07/bin/../lib/gcc/arm-none-eabi/10.3.1/../../../../arm-none-eabi/lib/thumb/v7e-m+fp/hard\libc_nano.a
LOAD c:/program files (x86)/gnu arm embedded toolchain/10 2021.07/bin/../lib/gcc/arm-none-eabi/10.3.1/../../../../arm-none-eabi/lib/thumb/v7e-m+fp/hard\libm.a
LOAD c:/program files (x86)/gnu arm embedded toolchain/10 2021.07/bin/../lib/gcc/arm-none-eabi/10.3.1/../../../../arm-none-eabi/lib/thumb/v7e-m+fp/hard\libnosys.a
START GROUP
LOAD c:/program files (x86)/gnu arm embedded toolchain/10 2021.07/bin/../lib/gcc/arm-none-eabi/10.3.1/thumb/v7e-m+fp/hard\libgcc.a
LOAD c:/program files (x86)/gnu arm embedded toolchain/10 2021.07/bin/../lib/gcc/arm-none-eabi/10.3.1/../../../../arm-none-eabi/lib/thumb/v7e-m+fp/hard\libc_nano.a
END GROUP
START GROUP
LOAD c:/program files (x86)/gnu arm embedded toolchain/10 2021.07/bin/../lib/gcc/arm-none-eabi/10.3.1/thumb/v7e-m+fp/hard\libgcc.a
LOAD c:/program files (x86)/gnu arm embedded toolchain/10 2021.07/bin/../lib/gcc/arm-none-eabi/10.3.1/../../../../arm-none-eabi/lib/thumb/v7e-m+fp/hard\libc_nano.a
END GROUP
LOAD c:/program files (x86)/gnu arm embedded toolchain/10 2021.07/bin/../lib/gcc/arm-none-eabi/10.3.1/thumb/v7e-m+fp/hard/crtend.o
LOAD c:/program files (x86)/gnu arm embedded toolchain/10 2021.07/bin/../lib/gcc/arm-none-eabi/10.3.1/thumb/v7e-m+fp/hard/crtn.o
                0x20010000                _estack = (ORIGIN (RAM) + LENGTH (RAM))
                0x00000200                _Min_Heap_Size = 0x200
                0x00000400                _Min_Stack_Size = 0x400

.isr_vector     0x08000000      0x194
                0x08000000                . = ALIGN (0x4)
 *(.isr_vector)
 .isr_vector    0x08000000      0x194 Debug/startup_stm32f303zetx.o
                0x08000000                g_pfnVectors
                0x08000194                . = ALIGN (0x4)

.text           0x080001a0     0x24b8
                0x080001a0                . = ALIGN (0x4)
 *(.text)
 .text          0x080001a0       0x40 c:/program files (x86)/gnu arm embedded toolchain/10 2021.07/bin/../lib/gcc/arm-none-eabi/10.3.1/thumb/v7e-m+fp/hard/crtbegin.o
 .text          0x080001e0       0xa0 c:/program files (x86)/gnu arm embedded toolchain/10 2021.07/bin/../lib/gcc/arm-none-eabi/10.3.1/../../../../arm-none-eabi/lib/thumb/v7e-m+fp/hard\libc_nano.a(lib_a-memchr.o)
                0x080001e0                memchr
 *(.text*)
 .text.MYUSART_Init
                0x08000280       0x8c Debug/myusart.o
                0x08000280                MYUSART_Init
 .text.MYUSART_SendData
                0x0800030c       0x60 Debug/myusart.o
                0x0800030c                MYUSART_SendData
 .text.MYUSART_ReceiveData
                0x0800036c       0x40 Debug/myusart.o
                0x0800036c                MYUSART_ReceiveData
 .text._write   0x080003ac       0x30 Debug/myusart.o
                0x080003ac                _write
 .text._read    0x080003dc       0x5c Debug/myusart.o
                0x080003dc                _read
 .text.main     0x08000438       0x44 Debug/main.o
                0x08000438                main
 .text._close   0x0800047c       0x18 Debug/syscalls.o
                0x0800047c                _close
 .text._fstat   0x08000494       0x20 Debug/syscalls.o
                0x08000494                _fstat
 .text._isatty  0x080004b4       0x16 Debug/syscalls.o
                0x080004b4                _isatty
 .text._lseek   0x080004ca       0x1a Debug/syscalls.o
                0x080004ca                _lseek
 .text.xTaskIncrementTick
                0x080004e4      0x22c Debug/tasks.o
                0x080004e4                xTaskIncrementTick
 .text.vTaskSwitchContext
                0x08000710       0xb8 Debug/tasks.o
                0x08000710                vTaskSwitchContext
 .text.prvResetNextTaskUnblockTime
                0x080007c8       0x38 Debug/tasks.o
 .text.SVC_Handler
                0x08000800       0x28 Debug/port.o
                0x08000800                SVC_Handler
 *fill*         0x08000828        0x8 
 .text.PendSV_Handler
                0x08000830       0x68 Debug/port.o
                0x08000830                PendSV_Handler
 .text.SysTick_Handler
                0x08000898       0x44 Debug/port.o
                0x08000898                SysTick_Handler
 .text.Reset_Handler
                0x080008dc       0x50 Debug/startup_stm32f303zetx.o
                0x080008dc                Reset_Handler
 .text.Default_Handler
                0x0800092c        0x2 Debug/startup_stm32f303zetx.o
                0x0800092c                TIM8_TRG_COM_IRQHandler
                0x0800092c                TIM8_CC_IRQHandler
                0x0800092c                DebugMon_Handler
                0x0800092c                DMA1_CH4_IRQHandler
                0x0800092c                SPI4_IRQHandler
                0x0800092c                TIM1_CC_IRQHandler
                0x0800092c                HardFault_Handler
                0x0800092c                USB_HP_IRQHandler
                0x0800092c                I2C2_EV_EXTI24_IRQHandler
                0x0800092c                USB_WKUP_EXTI_IRQHandler
                0x0800092c                PVD_IRQHandler
                0x0800092c                UART4_EXTI34_IRQHandler
                0x0800092c                TAMP_STAMP_IRQHandler
                0x0800092c                NMI_Handler
                0x0800092c                EXTI3_IRQHandler
                0x0800092c                I2C3_ER_IRQHandler
                0x0800092c                TIM6_DACUNDER_IRQHandler
                0x0800092c                USB_HP_CAN_TX_IRQHandler
                0x0800092c                EXTI0_IRQHandler
                0x0800092c                DMA2_CH1_IRQHandler
                0x0800092c                FPU_IRQHandler
                0x0800092c                TIM1_UP_TIM16_IRQHandler
                0x0800092c                UsageFault_Handler
                0x0800092c                ADC1_2_IRQHandler
                0x0800092c                SPI1_IRQHandler
                0x0800092c                CAN_SCE_IRQHandler
                0x0800092c                DMA1_CH7_IRQHandler
                0x0800092c                TIM8_UP_IRQHandler
                0x0800092c                COMP456_IRQHandler
                0x0800092c                DMA1_CH6_IRQHandler
                0x0800092c                TIM20_TRG_COM_IRQHandler
                0x0800092c                ADC3_IRQHandler
                0x0800092c                TIM4_IRQHandler
                0x0800092c                CAN_RX1_IRQHandler
                0x0800092c                USART1_EXTI25_IRQHandler
                0x0800092c                DMA2_CH5_IRQHandler
                0x0800092c                I2C1_EV_EXTI23_IRQHandler
                0x0800092c                DMA1_CH3_IRQHandler
                0x0800092c                TIM3_IRQHandler
                0x0800092c                RCC_IRQHandler
                0x0800092c                TIM20_UP_IRQHandler
                0x0800092c                Default_Handler
                0x0800092c                EXTI15_10_IRQHandler
                0x0800092c                USART2_EXTI26_IRQHandler
                0x0800092c                USART3_EXTI28_IRQHandler
                0x0800092c                TIM7_IRQHandler
                0x0800092c                I2C3_EV_IRQHandler
                0x0800092c                EXTI9_5_IRQHandler
                0x0800092c                DMA1_CH2_IRQHandler
                0x0800092c                RTC_WKUP_IRQHandler
                0x0800092c                SPI2_IRQHandler
                0x0800092c                DMA1_CH1_IRQHandler
                0x0800092c                USB_LP_CAN_RX0_IRQHandler
                0x0800092c                MemManage_Handler
                0x0800092c                COMP123_IRQHandler
                0x0800092c                USB_LP_IRQHandler
                0x0800092c                EXTI4_IRQHandler
                0x0800092c                TIM1_TRG_COM_TIM17_IRQHandler
                0x0800092c                ADC4_IRQHandler
                0x0800092c                WWDG_IRQHandler
                0x0800092c                TIM2_IRQHandler
                0x0800092c                COMP7_IRQHandler
                0x0800092c                EXTI1_IRQHandler
                0x0800092c                RTCAlarm_IRQHandler
                0x0800092c                UART5_EXTI35_IRQHandler
                0x0800092c                TIM20_BRK_IRQHandler
                0x0800092c                I2C2_ER_IRQHandler
                0x0800092c                TIM8_BRK_IRQHandler
                0x0800092c                FLASH_IRQHandler
                0x0800092c                TIM20_CC_IRQHandler
                0x0800092c                BusFault_Handler
                0x0800092c                SPI3_IRQHandler
                0x0800092c                DMA2_CH3_IRQHandler
                0x0800092c                DMA2_CH2_IRQHandler
                0x0800092c                I2C1_ER_IRQHandler
                0x0800092c                FMC_IRQHandler
                0x0800092c                DMA1_CH5_IRQHandler
                0x0800092c                DMA2_CH4_IRQHandler
                0x0800092c                USB_WKUP_IRQHandler
                0x0800092c                EXTI2_TSC_IRQHandler
                0x0800092c                TIM1_BRK_TIM15_IRQHandler
 *fill*         0x0800092e        0x2 
 .text.__errno  0x08000930        0xc c:/program files (x86)/gnu arm embedded toolchain/10 2021.07/bin/../lib/gcc/arm-none-eabi/10.3.1/../../../../arm-none-eabi/lib/thumb/v7e-m+fp/hard\libc_nano.a(lib_a-errno.o)
                0x08000930                __errno
 .text.__sflush_r
                0x0800093c      0x10c c:/program files (x86)/gnu arm embedded toolchain/10 2021.07/bin/../lib/gcc/arm-none-eabi/10.3.1/../../../../arm-none-eabi/lib/thumb/v7e-m+fp/hard\libc_nano.a(lib_a-fflush.o)
                0x0800093c                __sflush_r
 .text._fflush_r
                0x08000a48       0x78 c:/program files (x86)/gnu arm embedded toolchain/10 2021.07/bin/../lib/gcc/arm-none-eabi/10.3.1/../../../../arm-none-eabi/lib/thumb/v7e-m+fp/hard\libc_nano.a(lib_a-fflush.o)
                0x08000a48                _fflush_r
 .text.fflush   0x08000ac0       0x24 c:/program files (x86)/gnu arm embedded toolchain/10 2021.07/bin/../lib/gcc/arm-none-eabi/10.3.1/../../../../arm-none-eabi/lib/thumb/v7e-m+fp/hard\libc_nano.a(lib_a-fflush.o)
                0x08000ac0                fflush
 .text.std      0x08000ae4       0x48 c:/program files (x86)/gnu arm embedded toolchain/10 2021.07/bin/../lib/gcc/arm-none-eabi/10.3.1/../../../../arm-none-eabi/lib/thumb/v7e-m+fp/hard\libc_nano.a(lib_a-findfp.o)
 .text._cleanup_r
                0x08000b2c        0xc c:/program files (x86)/gnu arm embedded toolchain/10 2021.07/bin/../lib/gcc/arm-none-eabi/10.3.1/../../../../arm-none-eabi/lib/thumb/v7e-m+fp/hard\libc_nano.a(lib_a-findfp.o)
                0x08000b2c                _cleanup_r
 .text.__sfmoreglue
                0x08000b38       0x2c c:/program files (x86)/gnu arm embedded toolchain/10 2021.07/bin/../lib/gcc/arm-none-eabi/10.3.1/../../../../arm-none-eabi/lib/thumb/v7e-m+fp/hard\libc_nano.a(lib_a-findfp.o)
                0x08000b38                __sfmoreglue
 .text.__sfp_lock_acquire
                0x08000b64        0xc c:/program files (x86)/gnu arm embedded toolchain/10 2021.07/bin/../lib/gcc/arm-none-eabi/10.3.1/../../../../arm-none-eabi/lib/thumb/v7e-m+fp/hard\libc_nano.a(lib_a-findfp.o)
                0x08000b64                __sfp_lock_acquire
 .text.__sfp_lock_release
                0x08000b70        0xc c:/program files (x86)/gnu arm embedded toolchain/10 2021.07/bin/../lib/gcc/arm-none-eabi/10.3.1/../../../../arm-none-eabi/lib/thumb/v7e-m+fp/hard\libc_nano.a(lib_a-findfp.o)
                0x08000b70                __sfp_lock_release
 .text.__sinit_lock_acquire
                0x08000b7c        0xc c:/program files (x86)/gnu arm embedded toolchain/10 2021.07/bin/../lib/gcc/arm-none-eabi/10.3.1/../../../../arm-none-eabi/lib/thumb/v7e-m+fp/hard\libc_nano.a(lib_a-findfp.o)
                0x08000b7c                __sinit_lock_acquire
 .text.__sinit_lock_release
                0x08000b88        0xc c:/program files (x86)/gnu arm embedded toolchain/10 2021.07/bin/../lib/gcc/arm-none-eabi/10.3.1/../../../../arm-none-eabi/lib/thumb/v7e-m+fp/hard\libc_nano.a(lib_a-findfp.o)
                0x08000b88                __sinit_lock_release
 .text.__sinit  0x08000b94       0x70 c:/program files (x86)/gnu arm embedded toolchain/10 2021.07/bin/../lib/gcc/arm-none-eabi/10.3.1/../../../../arm-none-eabi/lib/thumb/v7e-m+fp/hard\libc_nano.a(lib_a-findfp.o)
                0x08000b94                __sinit
 .text.__sfp    0x08000c04       0x8c c:/program files (x86)/gnu arm embedded toolchain/10 2021.07/bin/../lib/gcc/arm-none-eabi/10.3.1/../../../../arm-none-eabi/lib/thumb/v7e-m+fp/hard\libc_nano.a(lib_a-findfp.o)
                0x08000c04                __sfp
 .text._fwalk   0x08000c90       0x3a c:/program files (x86)/gnu arm embedded toolchain/10 2021.07/bin/../lib/gcc/arm-none-eabi/10.3.1/../../../../arm-none-eabi/lib/thumb/v7e-m+fp/hard\libc_nano.a(lib_a-fwalk.o)
                0x08000c90                _fwalk
 .text._fwalk_reent
                0x08000cca       0x3e c:/program files (x86)/gnu arm embedded toolchain/10 2021.07/bin/../lib/gcc/arm-none-eabi/10.3.1/../../../../arm-none-eabi/lib/thumb/v7e-m+fp/hard\libc_nano.a(lib_a-fwalk.o)
                0x08000cca                _fwalk_reent
 .text.__libc_init_array
                0x08000d08       0x48 c:/program files (x86)/gnu arm embedded toolchain/10 2021.07/bin/../lib/gcc/arm-none-eabi/10.3.1/../../../../arm-none-eabi/lib/thumb/v7e-m+fp/hard\libc_nano.a(lib_a-init.o)
                0x08000d08                __libc_init_array
 .text.__retarget_lock_init_recursive
                0x08000d50        0x2 c:/program files (x86)/gnu arm embedded toolchain/10 2021.07/bin/../lib/gcc/arm-none-eabi/10.3.1/../../../../arm-none-eabi/lib/thumb/v7e-m+fp/hard\libc_nano.a(lib_a-lock.o)
                0x08000d50                __retarget_lock_init_recursive
 .text.__retarget_lock_acquire_recursive
                0x08000d52        0x2 c:/program files (x86)/gnu arm embedded toolchain/10 2021.07/bin/../lib/gcc/arm-none-eabi/10.3.1/../../../../arm-none-eabi/lib/thumb/v7e-m+fp/hard\libc_nano.a(lib_a-lock.o)
                0x08000d52                __retarget_lock_acquire_recursive
 .text.__retarget_lock_release_recursive
                0x08000d54        0x2 c:/program files (x86)/gnu arm embedded toolchain/10 2021.07/bin/../lib/gcc/arm-none-eabi/10.3.1/../../../../arm-none-eabi/lib/thumb/v7e-m+fp/hard\libc_nano.a(lib_a-lock.o)
                0x08000d54                __retarget_lock_release_recursive
 .text.memcpy   0x08000d56       0x1c c:/program files (x86)/gnu arm embedded toolchain/10 2021.07/bin/../lib/gcc/arm-none-eabi/10.3.1/../../../../arm-none-eabi/lib/thumb/v7e-m+fp/hard\libc_nano.a(lib_a-memcpy-stub.o)
                0x08000d56                memcpy
 .text.memset   0x08000d72       0x10 c:/program files (x86)/gnu arm embedded toolchain/10 2021.07/bin/../lib/gcc/arm-none-eabi/10.3.1/../../../../arm-none-eabi/lib/thumb/v7e-m+fp/hard\libc_nano.a(lib_a-memset.o)
                0x08000d72                memset
 *fill*         0x08000d82        0x2 
 .text._free_r  0x08000d84       0x98 c:/program files (x86)/gnu arm embedded toolchain/10 2021.07/bin/../lib/gcc/arm-none-eabi/10.3.1/../../../../arm-none-eabi/lib/thumb/v7e-m+fp/hard\libc_nano.a(lib_a-nano-freer.o)
                0x08000d84                _free_r
 .text.sbrk_aligned
                0x08000e1c       0x40 c:/program files (x86)/gnu arm embedded toolchain/10 2021.07/bin/../lib/gcc/arm-none-eabi/10.3.1/../../../../arm-none-eabi/lib/thumb/v7e-m+fp/hard\libc_nano.a(lib_a-nano-mallocr.o)
 .text._malloc_r
                0x08000e5c       0xe8 c:/program files (x86)/gnu arm embedded toolchain/10 2021.07/bin/../lib/gcc/arm-none-eabi/10.3.1/../../../../arm-none-eabi/lib/thumb/v7e-m+fp/hard\libc_nano.a(lib_a-nano-mallocr.o)
                0x08000e5c                _malloc_r
 .text.printf   0x08000f44       0x30 c:/program files (x86)/gnu arm embedded toolchain/10 2021.07/bin/../lib/gcc/arm-none-eabi/10.3.1/../../../../arm-none-eabi/lib/thumb/v7e-m+fp/hard\libc_nano.a(lib_a-printf.o)
                0x08000f44                iprintf
                0x08000f44                printf
 .text._puts_r  0x08000f74       0xdc c:/program files (x86)/gnu arm embedded toolchain/10 2021.07/bin/../lib/gcc/arm-none-eabi/10.3.1/../../../../arm-none-eabi/lib/thumb/v7e-m+fp/hard\libc_nano.a(lib_a-puts.o)
                0x08000f74                _puts_r
 .text.puts     0x08001050       0x10 c:/program files (x86)/gnu arm embedded toolchain/10 2021.07/bin/../lib/gcc/arm-none-eabi/10.3.1/../../../../arm-none-eabi/lib/thumb/v7e-m+fp/hard\libc_nano.a(lib_a-puts.o)
                0x08001050                puts
 .text._sbrk_r  0x08001060       0x20 c:/program files (x86)/gnu arm embedded toolchain/10 2021.07/bin/../lib/gcc/arm-none-eabi/10.3.1/../../../../arm-none-eabi/lib/thumb/v7e-m+fp/hard\libc_nano.a(lib_a-sbrkr.o)
                0x08001060                _sbrk_r
 .text.scanf    0x08001080       0x30 c:/program files (x86)/gnu arm embedded toolchain/10 2021.07/bin/../lib/gcc/arm-none-eabi/10.3.1/../../../../arm-none-eabi/lib/thumb/v7e-m+fp/hard\libc_nano.a(lib_a-scanf.o)
                0x08001080                scanf
                0x08001080                iscanf
 .text.__sread  0x080010b0       0x22 c:/program files (x86)/gnu arm embedded toolchain/10 2021.07/bin/../lib/gcc/arm-none-eabi/10.3.1/../../../../arm-none-eabi/lib/thumb/v7e-m+fp/hard\libc_nano.a(lib_a-stdio.o)
                0x080010b0                __sread
 .text.__swrite
                0x080010d2       0x38 c:/program files (x86)/gnu arm embedded toolchain/10 2021.07/bin/../lib/gcc/arm-none-eabi/10.3.1/../../../../arm-none-eabi/lib/thumb/v7e-m+fp/hard\libc_nano.a(lib_a-stdio.o)
                0x080010d2                __swrite
 .text.__sseek  0x0800110a       0x24 c:/program files (x86)/gnu arm embedded toolchain/10 2021.07/bin/../lib/gcc/arm-none-eabi/10.3.1/../../../../arm-none-eabi/lib/thumb/v7e-m+fp/hard\libc_nano.a(lib_a-stdio.o)
                0x0800110a                __sseek
 .text.__sclose
                0x0800112e        0x8 c:/program files (x86)/gnu arm embedded toolchain/10 2021.07/bin/../lib/gcc/arm-none-eabi/10.3.1/../../../../arm-none-eabi/lib/thumb/v7e-m+fp/hard\libc_nano.a(lib_a-stdio.o)
                0x0800112e                __sclose
 *fill*         0x08001136        0x2 
 .text.__swbuf_r
                0x08001138       0xa4 c:/program files (x86)/gnu arm embedded toolchain/10 2021.07/bin/../lib/gcc/arm-none-eabi/10.3.1/../../../../arm-none-eabi/lib/thumb/v7e-m+fp/hard\libc_nano.a(lib_a-wbuf.o)
                0x08001138                __swbuf_r
 .text._write_r
                0x080011dc       0x24 c:/program files (x86)/gnu arm embedded toolchain/10 2021.07/bin/../lib/gcc/arm-none-eabi/10.3.1/../../../../arm-none-eabi/lib/thumb/v7e-m+fp/hard\libc_nano.a(lib_a-writer.o)
                0x080011dc                _write_r
 .text.__swsetup_r
                0x08001200       0xdc c:/program files (x86)/gnu arm embedded toolchain/10 2021.07/bin/../lib/gcc/arm-none-eabi/10.3.1/../../../../arm-none-eabi/lib/thumb/v7e-m+fp/hard\libc_nano.a(lib_a-wsetup.o)
                0x08001200                __swsetup_r
 .text._close_r
                0x080012dc       0x20 c:/program files (x86)/gnu arm embedded toolchain/10 2021.07/bin/../lib/gcc/arm-none-eabi/10.3.1/../../../../arm-none-eabi/lib/thumb/v7e-m+fp/hard\libc_nano.a(lib_a-closer.o)
                0x080012dc                _close_r
 .text._lseek_r
                0x080012fc       0x24 c:/program files (x86)/gnu arm embedded toolchain/10 2021.07/bin/../lib/gcc/arm-none-eabi/10.3.1/../../../../arm-none-eabi/lib/thumb/v7e-m+fp/hard\libc_nano.a(lib_a-lseekr.o)
                0x080012fc                _lseek_r
 .text.__swhatbuf_r
                0x08001320       0x4a c:/program files (x86)/gnu arm embedded toolchain/10 2021.07/bin/../lib/gcc/arm-none-eabi/10.3.1/../../../../arm-none-eabi/lib/thumb/v7e-m+fp/hard\libc_nano.a(lib_a-makebuf.o)
                0x08001320                __swhatbuf_r
 *fill*         0x0800136a        0x2 
 .text.__smakebuf_r
                0x0800136c       0x80 c:/program files (x86)/gnu arm embedded toolchain/10 2021.07/bin/../lib/gcc/arm-none-eabi/10.3.1/../../../../arm-none-eabi/lib/thumb/v7e-m+fp/hard\libc_nano.a(lib_a-makebuf.o)
                0x0800136c                __smakebuf_r
 .text.__malloc_lock
                0x080013ec        0xc c:/program files (x86)/gnu arm embedded toolchain/10 2021.07/bin/../lib/gcc/arm-none-eabi/10.3.1/../../../../arm-none-eabi/lib/thumb/v7e-m+fp/hard\libc_nano.a(lib_a-mlock.o)
                0x080013ec                __malloc_lock
 .text.__malloc_unlock
                0x080013f8        0xc c:/program files (x86)/gnu arm embedded toolchain/10 2021.07/bin/../lib/gcc/arm-none-eabi/10.3.1/../../../../arm-none-eabi/lib/thumb/v7e-m+fp/hard\libc_nano.a(lib_a-mlock.o)
                0x080013f8                __malloc_unlock
 .text.__sfputc_r
                0x08001404       0x2e c:/program files (x86)/gnu arm embedded toolchain/10 2021.07/bin/../lib/gcc/arm-none-eabi/10.3.1/../../../../arm-none-eabi/lib/thumb/v7e-m+fp/hard\libc_nano.a(lib_a-nano-vfprintf.o)
 .text.__sfputs_r
                0x08001432       0x24 c:/program files (x86)/gnu arm embedded toolchain/10 2021.07/bin/../lib/gcc/arm-none-eabi/10.3.1/../../../../arm-none-eabi/lib/thumb/v7e-m+fp/hard\libc_nano.a(lib_a-nano-vfprintf.o)
                0x08001432                __sfputs_r
 *fill*         0x08001456        0x2 
 .text._vfprintf_r
                0x08001458      0x260 c:/program files (x86)/gnu arm embedded toolchain/10 2021.07/bin/../lib/gcc/arm-none-eabi/10.3.1/../../../../arm-none-eabi/lib/thumb/v7e-m+fp/hard\libc_nano.a(lib_a-nano-vfprintf.o)
                0x08001458                _vfprintf_r
                0x08001458                _vfiprintf_r
 .text._printf_common
                0x080016b8       0xda c:/program files (x86)/gnu arm embedded toolchain/10 2021.07/bin/../lib/gcc/arm-none-eabi/10.3.1/../../../../arm-none-eabi/lib/thumb/v7e-m+fp/hard\libc_nano.a(lib_a-nano-vfprintf_i.o)
                0x080016b8                _printf_common
 *fill*         0x08001792        0x2 
 .text._printf_i
                0x08001794      0x24c c:/program files (x86)/gnu arm embedded toolchain/10 2021.07/bin/../lib/gcc/arm-none-eabi/10.3.1/../../../../arm-none-eabi/lib/thumb/v7e-m+fp/hard\libc_nano.a(lib_a-nano-vfprintf_i.o)
                0x08001794                _printf_i
 .text.__svfscanf_r
                0x080019e0      0x34c c:/program files (x86)/gnu arm embedded toolchain/10 2021.07/bin/../lib/gcc/arm-none-eabi/10.3.1/../../../../arm-none-eabi/lib/thumb/v7e-m+fp/hard\libc_nano.a(lib_a-nano-vfscanf.o)
                0x080019e0                __svfscanf_r
                0x080019e0                __svfiscanf_r
 .text._vfscanf_r
                0x08001d2c       0x50 c:/program files (x86)/gnu arm embedded toolchain/10 2021.07/bin/../lib/gcc/arm-none-eabi/10.3.1/../../../../arm-none-eabi/lib/thumb/v7e-m+fp/hard\libc_nano.a(lib_a-nano-vfscanf.o)
                0x08001d2c                _vfscanf_r
                0x08001d2c                _vfiscanf_r
 .text._scanf_chars
                0x08001d7c       0xb4 c:/program files (x86)/gnu arm embedded toolchain/10 2021.07/bin/../lib/gcc/arm-none-eabi/10.3.1/../../../../arm-none-eabi/lib/thumb/v7e-m+fp/hard\libc_nano.a(lib_a-nano-vfscanf_i.o)
                0x08001d7c                _scanf_chars
 .text._scanf_i
                0x08001e30      0x1f0 c:/program files (x86)/gnu arm embedded toolchain/10 2021.07/bin/../lib/gcc/arm-none-eabi/10.3.1/../../../../arm-none-eabi/lib/thumb/v7e-m+fp/hard\libc_nano.a(lib_a-nano-vfscanf_i.o)
                0x08001e30                _scanf_i
 .text._read_r  0x08002020       0x24 c:/program files (x86)/gnu arm embedded toolchain/10 2021.07/bin/../lib/gcc/arm-none-eabi/10.3.1/../../../../arm-none-eabi/lib/thumb/v7e-m+fp/hard\libc_nano.a(lib_a-readr.o)
                0x08002020                _read_r
 .text.lflush   0x08002044       0x12 c:/program files (x86)/gnu arm embedded toolchain/10 2021.07/bin/../lib/gcc/arm-none-eabi/10.3.1/../../../../arm-none-eabi/lib/thumb/v7e-m+fp/hard\libc_nano.a(lib_a-refill.o)
 *fill*         0x08002056        0x2 
 .text.__srefill_r
                0x08002058      0x114 c:/program files (x86)/gnu arm embedded toolchain/10 2021.07/bin/../lib/gcc/arm-none-eabi/10.3.1/../../../../arm-none-eabi/lib/thumb/v7e-m+fp/hard\libc_nano.a(lib_a-refill.o)
                0x08002058                __srefill_r
 .text.__sccl   0x0800216c       0x70 c:/program files (x86)/gnu arm embedded toolchain/10 2021.07/bin/../lib/gcc/arm-none-eabi/10.3.1/../../../../arm-none-eabi/lib/thumb/v7e-m+fp/hard\libc_nano.a(lib_a-sccl.o)
                0x0800216c                __sccl
 .text._strtol_l.constprop.0
                0x080021dc      0x104 c:/program files (x86)/gnu arm embedded toolchain/10 2021.07/bin/../lib/gcc/arm-none-eabi/10.3.1/../../../../arm-none-eabi/lib/thumb/v7e-m+fp/hard\libc_nano.a(lib_a-strtol.o)
 .text._strtol_r
                0x080022e0        0x4 c:/program files (x86)/gnu arm embedded toolchain/10 2021.07/bin/../lib/gcc/arm-none-eabi/10.3.1/../../../../arm-none-eabi/lib/thumb/v7e-m+fp/hard\libc_nano.a(lib_a-strtol.o)
                0x080022e0                _strtol_r
 .text._strtoul_l.constprop.0
                0x080022e4       0xe4 c:/program files (x86)/gnu arm embedded toolchain/10 2021.07/bin/../lib/gcc/arm-none-eabi/10.3.1/../../../../arm-none-eabi/lib/thumb/v7e-m+fp/hard\libc_nano.a(lib_a-strtoul.o)
 .text._strtoul_r
                0x080023c8        0x4 c:/program files (x86)/gnu arm embedded toolchain/10 2021.07/bin/../lib/gcc/arm-none-eabi/10.3.1/../../../../arm-none-eabi/lib/thumb/v7e-m+fp/hard\libc_nano.a(lib_a-strtoul.o)
                0x080023c8                _strtoul_r
 .text.__submore
                0x080023cc       0x74 c:/program files (x86)/gnu arm embedded toolchain/10 2021.07/bin/../lib/gcc/arm-none-eabi/10.3.1/../../../../arm-none-eabi/lib/thumb/v7e-m+fp/hard\libc_nano.a(lib_a-ungetc.o)
                0x080023cc                __submore
 .text._ungetc_r
                0x08002440      0x130 c:/program files (x86)/gnu arm embedded toolchain/10 2021.07/bin/../lib/gcc/arm-none-eabi/10.3.1/../../../../arm-none-eabi/lib/thumb/v7e-m+fp/hard\libc_nano.a(lib_a-ungetc.o)
                0x08002440                _ungetc_r
 .text._fstat_r
                0x08002570       0x24 c:/program files (x86)/gnu arm embedded toolchain/10 2021.07/bin/../lib/gcc/arm-none-eabi/10.3.1/../../../../arm-none-eabi/lib/thumb/v7e-m+fp/hard\libc_nano.a(lib_a-fstatr.o)
                0x08002570                _fstat_r
 .text._isatty_r
                0x08002594       0x20 c:/program files (x86)/gnu arm embedded toolchain/10 2021.07/bin/../lib/gcc/arm-none-eabi/10.3.1/../../../../arm-none-eabi/lib/thumb/v7e-m+fp/hard\libc_nano.a(lib_a-isattyr.o)
                0x08002594                _isatty_r
 .text._realloc_r
                0x080025b4       0x5e c:/program files (x86)/gnu arm embedded toolchain/10 2021.07/bin/../lib/gcc/arm-none-eabi/10.3.1/../../../../arm-none-eabi/lib/thumb/v7e-m+fp/hard\libc_nano.a(lib_a-nano-reallocr.o)
                0x080025b4                _realloc_r
 .text._malloc_usable_size_r
                0x08002612       0x10 c:/program files (x86)/gnu arm embedded toolchain/10 2021.07/bin/../lib/gcc/arm-none-eabi/10.3.1/../../../../arm-none-eabi/lib/thumb/v7e-m+fp/hard\libc_nano.a(lib_a-nano-msizer.o)
                0x08002612                _malloc_usable_size_r
 *fill*         0x08002622        0x2 
 .text._sbrk    0x08002624       0x1c c:/program files (x86)/gnu arm embedded toolchain/10 2021.07/bin/../lib/gcc/arm-none-eabi/10.3.1/../../../../arm-none-eabi/lib/thumb/v7e-m+fp/hard\libnosys.a(sbrk.o)
                0x08002624                _sbrk
 *(.glue_7)
 .glue_7        0x08002640        0x0 linker stubs
 *(.glue_7t)
 .glue_7t       0x08002640        0x0 linker stubs
 *(.eh_frame)
 .eh_frame      0x08002640        0x0 c:/program files (x86)/gnu arm embedded toolchain/10 2021.07/bin/../lib/gcc/arm-none-eabi/10.3.1/thumb/v7e-m+fp/hard/crtbegin.o
 *(.init)
 .init          0x08002640        0x4 c:/program files (x86)/gnu arm embedded toolchain/10 2021.07/bin/../lib/gcc/arm-none-eabi/10.3.1/thumb/v7e-m+fp/hard/crti.o
                0x08002640                _init
 .init          0x08002644        0x8 c:/program files (x86)/gnu arm embedded toolchain/10 2021.07/bin/../lib/gcc/arm-none-eabi/10.3.1/thumb/v7e-m+fp/hard/crtn.o
 *(.fini)
 .fini          0x0800264c        0x4 c:/program files (x86)/gnu arm embedded toolchain/10 2021.07/bin/../lib/gcc/arm-none-eabi/10.3.1/thumb/v7e-m+fp/hard/crti.o
                0x0800264c                _fini
 .fini          0x08002650        0x8 c:/program files (x86)/gnu arm embedded toolchain/10 2021.07/bin/../lib/gcc/arm-none-eabi/10.3.1/thumb/v7e-m+fp/hard/crtn.o
                0x08002658                . = ALIGN (0x4)
                0x08002658                _etext = .

.vfp11_veneer   0x08002658        0x0
 .vfp11_veneer  0x08002658        0x0 linker stubs

.v4_bx          0x08002658        0x0
 .v4_bx         0x08002658        0x0 linker stubs

.iplt           0x08002658        0x0
 .iplt          0x08002658        0x0 c:/program files (x86)/gnu arm embedded toolchain/10 2021.07/bin/../lib/gcc/arm-none-eabi/10.3.1/thumb/v7e-m+fp/hard/crtbegin.o

.rodata         0x08002658      0x1e8
                0x08002658                . = ALIGN (0x4)
 *(.rodata)
 .rodata        0x08002658        0x7 Debug/myusart.o
 *fill*         0x0800265f        0x1 
 .rodata        0x08002660       0x1f Debug/main.o
 *fill*         0x0800267f        0x1 
 .rodata        0x08002680        0xc c:/program files (x86)/gnu arm embedded toolchain/10 2021.07/bin/../lib/gcc/arm-none-eabi/10.3.1/../../../../arm-none-eabi/lib/thumb/v7e-m+fp/hard\libc_nano.a(lib_a-nano-vfscanf_i.o)
 *(.rodata*)
 .rodata.__sf_fake_stderr
                0x0800268c       0x20 c:/program files (x86)/gnu arm embedded toolchain/10 2021.07/bin/../lib/gcc/arm-none-eabi/10.3.1/../../../../arm-none-eabi/lib/thumb/v7e-m+fp/hard\libc_nano.a(lib_a-findfp.o)
                0x0800268c                __sf_fake_stderr
 .rodata.__sf_fake_stdin
                0x080026ac       0x20 c:/program files (x86)/gnu arm embedded toolchain/10 2021.07/bin/../lib/gcc/arm-none-eabi/10.3.1/../../../../arm-none-eabi/lib/thumb/v7e-m+fp/hard\libc_nano.a(lib_a-findfp.o)
                0x080026ac                __sf_fake_stdin
 .rodata.__sf_fake_stdout
                0x080026cc       0x20 c:/program files (x86)/gnu arm embedded toolchain/10 2021.07/bin/../lib/gcc/arm-none-eabi/10.3.1/../../../../arm-none-eabi/lib/thumb/v7e-m+fp/hard\libc_nano.a(lib_a-findfp.o)
                0x080026cc                __sf_fake_stdout
 .rodata._global_impure_ptr
                0x080026ec        0x4 c:/program files (x86)/gnu arm embedded toolchain/10 2021.07/bin/../lib/gcc/arm-none-eabi/10.3.1/../../../../arm-none-eabi/lib/thumb/v7e-m+fp/hard\libc_nano.a(lib_a-impure.o)
                0x080026ec                _global_impure_ptr
 .rodata._vfprintf_r.str1.1
                0x080026f0       0x11 c:/program files (x86)/gnu arm embedded toolchain/10 2021.07/bin/../lib/gcc/arm-none-eabi/10.3.1/../../../../arm-none-eabi/lib/thumb/v7e-m+fp/hard\libc_nano.a(lib_a-nano-vfprintf.o)
 .rodata._printf_i.str1.1
                0x08002701       0x22 c:/program files (x86)/gnu arm embedded toolchain/10 2021.07/bin/../lib/gcc/arm-none-eabi/10.3.1/../../../../arm-none-eabi/lib/thumb/v7e-m+fp/hard\libc_nano.a(lib_a-nano-vfprintf_i.o)
 .rodata.__svfscanf_r.str1.1
                0x08002723        0x4 c:/program files (x86)/gnu arm embedded toolchain/10 2021.07/bin/../lib/gcc/arm-none-eabi/10.3.1/../../../../arm-none-eabi/lib/thumb/v7e-m+fp/hard\libc_nano.a(lib_a-nano-vfscanf.o)
 .rodata.str1.1
                0x08002723        0x9 c:/program files (x86)/gnu arm embedded toolchain/10 2021.07/bin/../lib/gcc/arm-none-eabi/10.3.1/../../../../arm-none-eabi/lib/thumb/v7e-m+fp/hard\libc_nano.a(lib_a-nano-vfscanf_i.o)
 .rodata._scanf_i.str1.1
                0x0800272c       0x12 c:/program files (x86)/gnu arm embedded toolchain/10 2021.07/bin/../lib/gcc/arm-none-eabi/10.3.1/../../../../arm-none-eabi/lib/thumb/v7e-m+fp/hard\libc_nano.a(lib_a-nano-vfscanf_i.o)
 .rodata._ctype_
                0x0800273e      0x101 c:/program files (x86)/gnu arm embedded toolchain/10 2021.07/bin/../lib/gcc/arm-none-eabi/10.3.1/../../../../arm-none-eabi/lib/thumb/v7e-m+fp/hard\libc_nano.a(lib_a-ctype_.o)
                0x0800273e                _ctype_
                0x08002840                . = ALIGN (0x4)
 *fill*         0x0800283f        0x1 

.rel.dyn        0x08002840        0x0
 .rel.iplt      0x08002840        0x0 c:/program files (x86)/gnu arm embedded toolchain/10 2021.07/bin/../lib/gcc/arm-none-eabi/10.3.1/thumb/v7e-m+fp/hard/crtbegin.o

.ARM.extab      0x08002840        0x0
                0x08002840                . = ALIGN (0x4)
 *(.ARM.extab* .gnu.linkonce.armextab.*)
                0x08002840                . = ALIGN (0x4)

.ARM            0x08002840        0x0
                0x08002840                . = ALIGN (0x4)
                0x08002840                __exidx_start = .
 *(.ARM.exidx*)
                0x08002840                __exidx_end = .
                0x08002840                . = ALIGN (0x4)

.preinit_array  0x08002840        0x0
                0x08002840                . = ALIGN (0x4)
                0x08002840                PROVIDE (__preinit_array_start = .)
 *(.preinit_array*)
                0x08002840                PROVIDE (__preinit_array_end = .)
                0x08002840                . = ALIGN (0x4)

.init_array     0x08002840        0x4
                0x08002840                . = ALIGN (0x4)
                0x08002840                PROVIDE (__init_array_start = .)
 *(SORT_BY_NAME(.init_array.*))
 *(.init_array*)
 .init_array    0x08002840        0x4 c:/program files (x86)/gnu arm embedded toolchain/10 2021.07/bin/../lib/gcc/arm-none-eabi/10.3.1/thumb/v7e-m+fp/hard/crtbegin.o
                0x08002844                PROVIDE (__init_array_end = .)
                0x08002844                . = ALIGN (0x4)

.fini_array     0x08002844        0x4
                0x08002844                . = ALIGN (0x4)
                [!provide]                PROVIDE (__fini_array_start = .)
 *(SORT_BY_NAME(.fini_array.*))
 *(.fini_array*)
 .fini_array    0x08002844        0x4 c:/program files (x86)/gnu arm embedded toolchain/10 2021.07/bin/../lib/gcc/arm-none-eabi/10.3.1/thumb/v7e-m+fp/hard/crtbegin.o
                [!provide]                PROVIDE (__fini_array_end = .)
                0x08002848                . = ALIGN (0x4)
                0x08002848                _sidata = LOADADDR (.data)

.data           0x20000000       0x64 load address 0x08002848
                0x20000000                . = ALIGN (0x4)
                0x20000000                _sdata = .
 *(.data)
 *(.data*)
 .data._impure_ptr
                0x20000000        0x4 c:/program files (x86)/gnu arm embedded toolchain/10 2021.07/bin/../lib/gcc/arm-none-eabi/10.3.1/../../../../arm-none-eabi/lib/thumb/v7e-m+fp/hard\libc_nano.a(lib_a-impure.o)
                0x20000000                _impure_ptr
 .data.impure_data
                0x20000004       0x60 c:/program files (x86)/gnu arm embedded toolchain/10 2021.07/bin/../lib/gcc/arm-none-eabi/10.3.1/../../../../arm-none-eabi/lib/thumb/v7e-m+fp/hard\libc_nano.a(lib_a-impure.o)
 *(.RamFunc)
 *(.RamFunc*)
                0x20000064                . = ALIGN (0x4)
                0x20000064                _edata = .
                0x080028ac                _siccmram = LOADADDR (.ccmram)

.igot.plt       0x20000064        0x0 load address 0x080028ac
 .igot.plt      0x20000064        0x0 c:/program files (x86)/gnu arm embedded toolchain/10 2021.07/bin/../lib/gcc/arm-none-eabi/10.3.1/thumb/v7e-m+fp/hard/crtbegin.o

.ccmram         0x10000000        0x0 load address 0x080028ac
                0x10000000                . = ALIGN (0x4)
                0x10000000                _sccmram = .
 *(.ccmram)
 *(.ccmram*)
                0x10000000                . = ALIGN (0x4)
                0x10000000                _eccmram = .
                0x10000000                . = ALIGN (0x4)

.bss            0x20000064       0xbc
                0x20000064                _sbss = .
                0x20000064                __bss_start__ = _sbss
 *(.bss)
 .bss           0x20000064       0x1c c:/program files (x86)/gnu arm embedded toolchain/10 2021.07/bin/../lib/gcc/arm-none-eabi/10.3.1/thumb/v7e-m+fp/hard/crtbegin.o
 *(.bss*)
 .bss.pxCurrentTCB
                0x20000080        0x4 Debug/tasks.o
                0x20000080                pxCurrentTCB
 .bss.pxReadyTasksLists
                0x20000084       0x64 Debug/tasks.o
 .bss.pxDelayedTaskList
                0x200000e8        0x4 Debug/tasks.o
 .bss.pxOverflowDelayedTaskList
                0x200000ec        0x4 Debug/tasks.o
 .bss.xTickCount
                0x200000f0        0x4 Debug/tasks.o
 .bss.uxTopReadyPriority
                0x200000f4        0x4 Debug/tasks.o
 .bss.xPendedTicks
                0x200000f8        0x4 Debug/tasks.o
 .bss.xYieldPending
                0x200000fc        0x4 Debug/tasks.o
 .bss.xNumOfOverflows
                0x20000100        0x4 Debug/tasks.o
 .bss.xNextTaskUnblockTime
                0x20000104        0x4 Debug/tasks.o
 .bss.uxSchedulerSuspended
                0x20000108        0x4 Debug/tasks.o
 .bss.__lock___malloc_recursive_mutex
                0x2000010c        0x1 c:/program files (x86)/gnu arm embedded toolchain/10 2021.07/bin/../lib/gcc/arm-none-eabi/10.3.1/../../../../arm-none-eabi/lib/thumb/v7e-m+fp/hard\libc_nano.a(lib_a-lock.o)
                0x2000010c                __lock___malloc_recursive_mutex
 .bss.__lock___sfp_recursive_mutex
                0x2000010d        0x1 c:/program files (x86)/gnu arm embedded toolchain/10 2021.07/bin/../lib/gcc/arm-none-eabi/10.3.1/../../../../arm-none-eabi/lib/thumb/v7e-m+fp/hard\libc_nano.a(lib_a-lock.o)
                0x2000010d                __lock___sfp_recursive_mutex
 .bss.__lock___sinit_recursive_mutex
                0x2000010e        0x1 c:/program files (x86)/gnu arm embedded toolchain/10 2021.07/bin/../lib/gcc/arm-none-eabi/10.3.1/../../../../arm-none-eabi/lib/thumb/v7e-m+fp/hard\libc_nano.a(lib_a-lock.o)
                0x2000010e                __lock___sinit_recursive_mutex
 *fill*         0x2000010f        0x1 
 .bss.__malloc_free_list
                0x20000110        0x4 c:/program files (x86)/gnu arm embedded toolchain/10 2021.07/bin/../lib/gcc/arm-none-eabi/10.3.1/../../../../arm-none-eabi/lib/thumb/v7e-m+fp/hard\libc_nano.a(lib_a-nano-mallocr.o)
                0x20000110                __malloc_free_list
 .bss.__malloc_sbrk_start
                0x20000114        0x4 c:/program files (x86)/gnu arm embedded toolchain/10 2021.07/bin/../lib/gcc/arm-none-eabi/10.3.1/../../../../arm-none-eabi/lib/thumb/v7e-m+fp/hard\libc_nano.a(lib_a-nano-mallocr.o)
                0x20000114                __malloc_sbrk_start
 .bss.errno     0x20000118        0x4 c:/program files (x86)/gnu arm embedded toolchain/10 2021.07/bin/../lib/gcc/arm-none-eabi/10.3.1/../../../../arm-none-eabi/lib/thumb/v7e-m+fp/hard\libc_nano.a(lib_a-reent.o)
                0x20000118                errno
 .bss.heap_end.0
                0x2000011c        0x4 c:/program files (x86)/gnu arm embedded toolchain/10 2021.07/bin/../lib/gcc/arm-none-eabi/10.3.1/../../../../arm-none-eabi/lib/thumb/v7e-m+fp/hard\libnosys.a(sbrk.o)
 *(COMMON)
                0x20000120                . = ALIGN (0x4)
                0x20000120                _ebss = .
                0x20000120                __bss_end__ = _ebss

._user_heap_stack
                0x20000120      0x600
                0x20000120                . = ALIGN (0x8)
                0x20000120                PROVIDE (end = .)
                [!provide]                PROVIDE (_end = .)
                0x20000320                . = (. + _Min_Heap_Size)
 *fill*         0x20000120      0x200 
                0x20000720                . = (. + _Min_Stack_Size)
 *fill*         0x20000320      0x400 
                0x20000720                . = ALIGN (0x8)

/DISCARD/
 libc.a(*)
 libm.a(*)
 libgcc.a(*)

.ARM.attributes
                0x00000000       0x30
 *(.ARM.attributes)
 .ARM.attributes
                0x00000000       0x1e c:/program files (x86)/gnu arm embedded toolchain/10 2021.07/bin/../lib/gcc/arm-none-eabi/10.3.1/thumb/v7e-m+fp/hard/crti.o
 .ARM.attributes
                0x0000001e       0x34 c:/program files (x86)/gnu arm embedded toolchain/10 2021.07/bin/../lib/gcc/arm-none-eabi/10.3.1/thumb/v7e-m+fp/hard/crtbegin.o
 .ARM.attributes
                0x00000052       0x34 Debug/myusart.o
 .ARM.attributes
                0x00000086       0x34 Debug/main.o
 .ARM.attributes
                0x000000ba       0x34 Debug/syscalls.o
 .ARM.attributes
                0x000000ee       0x34 Debug/tasks.o
 .ARM.attributes
                0x00000122       0x34 Debug/port.o
 .ARM.attributes
                0x00000156       0x21 Debug/startup_stm32f303zetx.o
 .ARM.attributes
                0x00000177       0x34 c:/program files (x86)/gnu arm embedded toolchain/10 2021.07/bin/../lib/gcc/arm-none-eabi/10.3.1/../../../../arm-none-eabi/lib/thumb/v7e-m+fp/hard\libc_nano.a(lib_a-errno.o)
 .ARM.attributes
                0x000001ab       0x34 c:/program files (x86)/gnu arm embedded toolchain/10 2021.07/bin/../lib/gcc/arm-none-eabi/10.3.1/../../../../arm-none-eabi/lib/thumb/v7e-m+fp/hard\libc_nano.a(lib_a-fflush.o)
 .ARM.attributes
                0x000001df       0x34 c:/program files (x86)/gnu arm embedded toolchain/10 2021.07/bin/../lib/gcc/arm-none-eabi/10.3.1/../../../../arm-none-eabi/lib/thumb/v7e-m+fp/hard\libc_nano.a(lib_a-findfp.o)
 .ARM.attributes
                0x00000213       0x34 c:/program files (x86)/gnu arm embedded toolchain/10 2021.07/bin/../lib/gcc/arm-none-eabi/10.3.1/../../../../arm-none-eabi/lib/thumb/v7e-m+fp/hard\libc_nano.a(lib_a-fwalk.o)
 .ARM.attributes
                0x00000247       0x32 c:/program files (x86)/gnu arm embedded toolchain/10 2021.07/bin/../lib/gcc/arm-none-eabi/10.3.1/../../../../arm-none-eabi/lib/thumb/v7e-m+fp/hard\libc_nano.a(lib_a-impure.o)
 .ARM.attributes
                0x00000279       0x34 c:/program files (x86)/gnu arm embedded toolchain/10 2021.07/bin/../lib/gcc/arm-none-eabi/10.3.1/../../../../arm-none-eabi/lib/thumb/v7e-m+fp/hard\libc_nano.a(lib_a-init.o)
 .ARM.attributes
                0x000002ad       0x34 c:/program files (x86)/gnu arm embedded toolchain/10 2021.07/bin/../lib/gcc/arm-none-eabi/10.3.1/../../../../arm-none-eabi/lib/thumb/v7e-m+fp/hard\libc_nano.a(lib_a-lock.o)
 .ARM.attributes
                0x000002e1       0x34 c:/program files (x86)/gnu arm embedded toolchain/10 2021.07/bin/../lib/gcc/arm-none-eabi/10.3.1/../../../../arm-none-eabi/lib/thumb/v7e-m+fp/hard\libc_nano.a(lib_a-memcpy-stub.o)
 .ARM.attributes
                0x00000315       0x34 c:/program files (x86)/gnu arm embedded toolchain/10 2021.07/bin/../lib/gcc/arm-none-eabi/10.3.1/../../../../arm-none-eabi/lib/thumb/v7e-m+fp/hard\libc_nano.a(lib_a-memset.o)
 .ARM.attributes
                0x00000349       0x34 c:/program files (x86)/gnu arm embedded toolchain/10 2021.07/bin/../lib/gcc/arm-none-eabi/10.3.1/../../../../arm-none-eabi/lib/thumb/v7e-m+fp/hard\libc_nano.a(lib_a-nano-freer.o)
 .ARM.attributes
                0x0000037d       0x34 c:/program files (x86)/gnu arm embedded toolchain/10 2021.07/bin/../lib/gcc/arm-none-eabi/10.3.1/../../../../arm-none-eabi/lib/thumb/v7e-m+fp/hard\libc_nano.a(lib_a-nano-mallocr.o)
 .ARM.attributes
                0x000003b1       0x34 c:/program files (x86)/gnu arm embedded toolchain/10 2021.07/bin/../lib/gcc/arm-none-eabi/10.3.1/../../../../arm-none-eabi/lib/thumb/v7e-m+fp/hard\libc_nano.a(lib_a-printf.o)
 .ARM.attributes
                0x000003e5       0x34 c:/program files (x86)/gnu arm embedded toolchain/10 2021.07/bin/../lib/gcc/arm-none-eabi/10.3.1/../../../../arm-none-eabi/lib/thumb/v7e-m+fp/hard\libc_nano.a(lib_a-puts.o)
 .ARM.attributes
                0x00000419       0x34 c:/program files (x86)/gnu arm embedded toolchain/10 2021.07/bin/../lib/gcc/arm-none-eabi/10.3.1/../../../../arm-none-eabi/lib/thumb/v7e-m+fp/hard\libc_nano.a(lib_a-sbrkr.o)
 .ARM.attributes
                0x0000044d       0x34 c:/program files (x86)/gnu arm embedded toolchain/10 2021.07/bin/../lib/gcc/arm-none-eabi/10.3.1/../../../../arm-none-eabi/lib/thumb/v7e-m+fp/hard\libc_nano.a(lib_a-scanf.o)
 .ARM.attributes
                0x00000481       0x34 c:/program files (x86)/gnu arm embedded toolchain/10 2021.07/bin/../lib/gcc/arm-none-eabi/10.3.1/../../../../arm-none-eabi/lib/thumb/v7e-m+fp/hard\libc_nano.a(lib_a-stdio.o)
 .ARM.attributes
                0x000004b5       0x34 c:/program files (x86)/gnu arm embedded toolchain/10 2021.07/bin/../lib/gcc/arm-none-eabi/10.3.1/../../../../arm-none-eabi/lib/thumb/v7e-m+fp/hard\libc_nano.a(lib_a-wbuf.o)
 .ARM.attributes
                0x000004e9       0x34 c:/program files (x86)/gnu arm embedded toolchain/10 2021.07/bin/../lib/gcc/arm-none-eabi/10.3.1/../../../../arm-none-eabi/lib/thumb/v7e-m+fp/hard\libc_nano.a(lib_a-writer.o)
 .ARM.attributes
                0x0000051d       0x34 c:/program files (x86)/gnu arm embedded toolchain/10 2021.07/bin/../lib/gcc/arm-none-eabi/10.3.1/../../../../arm-none-eabi/lib/thumb/v7e-m+fp/hard\libc_nano.a(lib_a-wsetup.o)
 .ARM.attributes
                0x00000551       0x34 c:/program files (x86)/gnu arm embedded toolchain/10 2021.07/bin/../lib/gcc/arm-none-eabi/10.3.1/../../../../arm-none-eabi/lib/thumb/v7e-m+fp/hard\libc_nano.a(lib_a-closer.o)
 .ARM.attributes
                0x00000585       0x34 c:/program files (x86)/gnu arm embedded toolchain/10 2021.07/bin/../lib/gcc/arm-none-eabi/10.3.1/../../../../arm-none-eabi/lib/thumb/v7e-m+fp/hard\libc_nano.a(lib_a-lseekr.o)
 .ARM.attributes
                0x000005b9       0x34 c:/program files (x86)/gnu arm embedded toolchain/10 2021.07/bin/../lib/gcc/arm-none-eabi/10.3.1/../../../../arm-none-eabi/lib/thumb/v7e-m+fp/hard\libc_nano.a(lib_a-makebuf.o)
 .ARM.attributes
                0x000005ed       0x34 c:/program files (x86)/gnu arm embedded toolchain/10 2021.07/bin/../lib/gcc/arm-none-eabi/10.3.1/../../../../arm-none-eabi/lib/thumb/v7e-m+fp/hard\libc_nano.a(lib_a-mlock.o)
 .ARM.attributes
                0x00000621       0x34 c:/program files (x86)/gnu arm embedded toolchain/10 2021.07/bin/../lib/gcc/arm-none-eabi/10.3.1/../../../../arm-none-eabi/lib/thumb/v7e-m+fp/hard\libc_nano.a(lib_a-nano-vfprintf.o)
 .ARM.attributes
                0x00000655       0x34 c:/program files (x86)/gnu arm embedded toolchain/10 2021.07/bin/../lib/gcc/arm-none-eabi/10.3.1/../../../../arm-none-eabi/lib/thumb/v7e-m+fp/hard\libc_nano.a(lib_a-nano-vfprintf_i.o)
 .ARM.attributes
                0x00000689       0x34 c:/program files (x86)/gnu arm embedded toolchain/10 2021.07/bin/../lib/gcc/arm-none-eabi/10.3.1/../../../../arm-none-eabi/lib/thumb/v7e-m+fp/hard\libc_nano.a(lib_a-nano-vfscanf.o)
 .ARM.attributes
                0x000006bd       0x34 c:/program files (x86)/gnu arm embedded toolchain/10 2021.07/bin/../lib/gcc/arm-none-eabi/10.3.1/../../../../arm-none-eabi/lib/thumb/v7e-m+fp/hard\libc_nano.a(lib_a-nano-vfscanf_i.o)
 .ARM.attributes
                0x000006f1       0x34 c:/program files (x86)/gnu arm embedded toolchain/10 2021.07/bin/../lib/gcc/arm-none-eabi/10.3.1/../../../../arm-none-eabi/lib/thumb/v7e-m+fp/hard\libc_nano.a(lib_a-readr.o)
 .ARM.attributes
                0x00000725       0x34 c:/program files (x86)/gnu arm embedded toolchain/10 2021.07/bin/../lib/gcc/arm-none-eabi/10.3.1/../../../../arm-none-eabi/lib/thumb/v7e-m+fp/hard\libc_nano.a(lib_a-reent.o)
 .ARM.attributes
                0x00000759       0x34 c:/program files (x86)/gnu arm embedded toolchain/10 2021.07/bin/../lib/gcc/arm-none-eabi/10.3.1/../../../../arm-none-eabi/lib/thumb/v7e-m+fp/hard\libc_nano.a(lib_a-refill.o)
 .ARM.attributes
                0x0000078d       0x34 c:/program files (x86)/gnu arm embedded toolchain/10 2021.07/bin/../lib/gcc/arm-none-eabi/10.3.1/../../../../arm-none-eabi/lib/thumb/v7e-m+fp/hard\libc_nano.a(lib_a-sccl.o)
 .ARM.attributes
                0x000007c1       0x34 c:/program files (x86)/gnu arm embedded toolchain/10 2021.07/bin/../lib/gcc/arm-none-eabi/10.3.1/../../../../arm-none-eabi/lib/thumb/v7e-m+fp/hard\libc_nano.a(lib_a-strtol.o)
 .ARM.attributes
                0x000007f5       0x34 c:/program files (x86)/gnu arm embedded toolchain/10 2021.07/bin/../lib/gcc/arm-none-eabi/10.3.1/../../../../arm-none-eabi/lib/thumb/v7e-m+fp/hard\libc_nano.a(lib_a-strtoul.o)
 .ARM.attributes
                0x00000829       0x34 c:/program files (x86)/gnu arm embedded toolchain/10 2021.07/bin/../lib/gcc/arm-none-eabi/10.3.1/../../../../arm-none-eabi/lib/thumb/v7e-m+fp/hard\libc_nano.a(lib_a-ungetc.o)
 .ARM.attributes
                0x0000085d       0x32 c:/program files (x86)/gnu arm embedded toolchain/10 2021.07/bin/../lib/gcc/arm-none-eabi/10.3.1/../../../../arm-none-eabi/lib/thumb/v7e-m+fp/hard\libc_nano.a(lib_a-ctype_.o)
 .ARM.attributes
                0x0000088f       0x34 c:/program files (x86)/gnu arm embedded toolchain/10 2021.07/bin/../lib/gcc/arm-none-eabi/10.3.1/../../../../arm-none-eabi/lib/thumb/v7e-m+fp/hard\libc_nano.a(lib_a-fstatr.o)
 .ARM.attributes
                0x000008c3       0x34 c:/program files (x86)/gnu arm embedded toolchain/10 2021.07/bin/../lib/gcc/arm-none-eabi/10.3.1/../../../../arm-none-eabi/lib/thumb/v7e-m+fp/hard\libc_nano.a(lib_a-isattyr.o)
 .ARM.attributes
                0x000008f7       0x1c c:/program files (x86)/gnu arm embedded toolchain/10 2021.07/bin/../lib/gcc/arm-none-eabi/10.3.1/../../../../arm-none-eabi/lib/thumb/v7e-m+fp/hard\libc_nano.a(lib_a-memchr.o)
 .ARM.attributes
                0x00000913       0x34 c:/program files (x86)/gnu arm embedded toolchain/10 2021.07/bin/../lib/gcc/arm-none-eabi/10.3.1/../../../../arm-none-eabi/lib/thumb/v7e-m+fp/hard\libc_nano.a(lib_a-nano-reallocr.o)
 .ARM.attributes
                0x00000947       0x34 c:/program files (x86)/gnu arm embedded toolchain/10 2021.07/bin/../lib/gcc/arm-none-eabi/10.3.1/../../../../arm-none-eabi/lib/thumb/v7e-m+fp/hard\libc_nano.a(lib_a-nano-msizer.o)
 .ARM.attributes
                0x0000097b       0x34 c:/program files (x86)/gnu arm embedded toolchain/10 2021.07/bin/../lib/gcc/arm-none-eabi/10.3.1/../../../../arm-none-eabi/lib/thumb/v7e-m+fp/hard\libnosys.a(sbrk.o)
 .ARM.attributes
                0x000009af       0x1e c:/program files (x86)/gnu arm embedded toolchain/10 2021.07/bin/../lib/gcc/arm-none-eabi/10.3.1/thumb/v7e-m+fp/hard/crtn.o
OUTPUT(Debug/main.elf elf32-littlearm)
LOAD linker stubs
LOAD c:/program files (x86)/gnu arm embedded toolchain/10 2021.07/bin/../lib/gcc/arm-none-eabi/10.3.1/../../../../arm-none-eabi/lib/thumb/v7e-m+fp/hard\libc.a
LOAD c:/program files (x86)/gnu arm embedded toolchain/10 2021.07/bin/../lib/gcc/arm-none-eabi/10.3.1/../../../../arm-none-eabi/lib/thumb/v7e-m+fp/hard\libm.a
LOAD c:/program files (x86)/gnu arm embedded toolchain/10 2021.07/bin/../lib/gcc/arm-none-eabi/10.3.1/thumb/v7e-m+fp/hard\libgcc.a

.debug_info     0x00000000     0x3eb6
 .debug_info    0x00000000      0x1f9 Debug/myusart.o
 .debug_info    0x000001f9      0xa10 Debug/main.o
 .debug_info    0x00000c09      0x736 Debug/syscalls.o
 .debug_info    0x0000133f     0x2625 Debug/tasks.o
 .debug_info    0x00003964      0x530 Debug/port.o
 .debug_info    0x00003e94       0x22 Debug/startup_stm32f303zetx.o

.debug_abbrev   0x00000000      0x972
 .debug_abbrev  0x00000000       0xff Debug/myusart.o
 .debug_abbrev  0x000000ff      0x1af Debug/main.o
 .debug_abbrev  0x000002ae      0x17f Debug/syscalls.o
 .debug_abbrev  0x0000042d      0x2e9 Debug/tasks.o
 .debug_abbrev  0x00000716      0x24a Debug/port.o
 .debug_abbrev  0x00000960       0x12 Debug/startup_stm32f303zetx.o

.debug_loc      0x00000000     0x1da6
 .debug_loc     0x00000000      0x19c Debug/myusart.o
 .debug_loc     0x0000019c       0x38 Debug/main.o
 .debug_loc     0x000001d4      0x5b8 Debug/syscalls.o
 .debug_loc     0x0000078c     0x130e Debug/tasks.o
 .debug_loc     0x00001a9a      0x30c Debug/port.o

.debug_aranges  0x00000000      0x3a8
 .debug_aranges
                0x00000000       0x40 Debug/myusart.o
 .debug_aranges
                0x00000040       0x20 Debug/main.o
 .debug_aranges
                0x00000060       0xa8 Debug/syscalls.o
 .debug_aranges
                0x00000108      0x1f8 Debug/tasks.o
 .debug_aranges
                0x00000300       0x80 Debug/port.o
 .debug_aranges
                0x00000380       0x28 Debug/startup_stm32f303zetx.o

.debug_ranges   0x00000000      0x350
 .debug_ranges  0x00000000       0x30 Debug/myusart.o
 .debug_ranges  0x00000030       0x10 Debug/main.o
 .debug_ranges  0x00000040       0x98 Debug/syscalls.o
 .debug_ranges  0x000000d8      0x1e8 Debug/tasks.o
 .debug_ranges  0x000002c0       0x70 Debug/port.o
 .debug_ranges  0x00000330       0x20 Debug/startup_stm32f303zetx.o

.debug_line     0x00000000     0x2519
 .debug_line    0x00000000      0x22a Debug/myusart.o
 .debug_line    0x0000022a      0x14b Debug/main.o
 .debug_line    0x00000375      0x367 Debug/syscalls.o
 .debug_line    0x000006dc     0x18f6 Debug/tasks.o
 .debug_line    0x00001fd2      0x4c4 Debug/port.o
 .debug_line    0x00002496       0x83 Debug/startup_stm32f303zetx.o

.debug_str      0x00000000     0x184a
 .debug_str     0x00000000      0x191 Debug/myusart.o
                                0x1e5 (size before relaxing)
 .debug_str     0x00000191      0x3b1 Debug/main.o
                                0x548 (size before relaxing)
 .debug_str     0x00000542      0x1de Debug/syscalls.o
                                0x3bc (size before relaxing)
 .debug_str     0x00000720      0xef2 Debug/tasks.o
                               0x10ef (size before relaxing)
 .debug_str     0x00001612      0x208 Debug/port.o
                                0x42b (size before relaxing)
 .debug_str     0x0000181a       0x30 Debug/startup_stm32f303zetx.o
                                 0x5e (size before relaxing)

.comment        0x00000000       0x49
 .comment       0x00000000       0x49 Debug/myusart.o
                                 0x4a (size before relaxing)
 .comment       0x00000049       0x4a Debug/main.o
 .comment       0x00000049       0x4a Debug/syscalls.o
 .comment       0x00000049       0x4a Debug/tasks.o
 .comment       0x00000049       0x4a Debug/port.o

.debug_frame    0x00000000     0x1a04
 .debug_frame   0x00000000       0xc8 Debug/myusart.o
 .debug_frame   0x000000c8       0x30 Debug/main.o
 .debug_frame   0x000000f8      0x2ac Debug/syscalls.o
 .debug_frame   0x000003a4      0x8a4 Debug/tasks.o
 .debug_frame   0x00000c48      0x1a8 Debug/port.o
 .debug_frame   0x00000df0       0x20 c:/program files (x86)/gnu arm embedded toolchain/10 2021.07/bin/../lib/gcc/arm-none-eabi/10.3.1/../../../../arm-none-eabi/lib/thumb/v7e-m+fp/hard\libc_nano.a(lib_a-errno.o)
 .debug_frame   0x00000e10       0x5c c:/program files (x86)/gnu arm embedded toolchain/10 2021.07/bin/../lib/gcc/arm-none-eabi/10.3.1/../../../../arm-none-eabi/lib/thumb/v7e-m+fp/hard\libc_nano.a(lib_a-fflush.o)
 .debug_frame   0x00000e6c      0x14c c:/program files (x86)/gnu arm embedded toolchain/10 2021.07/bin/../lib/gcc/arm-none-eabi/10.3.1/../../../../arm-none-eabi/lib/thumb/v7e-m+fp/hard\libc_nano.a(lib_a-findfp.o)
 .debug_frame   0x00000fb8       0x54 c:/program files (x86)/gnu arm embedded toolchain/10 2021.07/bin/../lib/gcc/arm-none-eabi/10.3.1/../../../../arm-none-eabi/lib/thumb/v7e-m+fp/hard\libc_nano.a(lib_a-fwalk.o)
 .debug_frame   0x0000100c       0x2c c:/program files (x86)/gnu arm embedded toolchain/10 2021.07/bin/../lib/gcc/arm-none-eabi/10.3.1/../../../../arm-none-eabi/lib/thumb/v7e-m+fp/hard\libc_nano.a(lib_a-init.o)
 .debug_frame   0x00001038       0xb0 c:/program files (x86)/gnu arm embedded toolchain/10 2021.07/bin/../lib/gcc/arm-none-eabi/10.3.1/../../../../arm-none-eabi/lib/thumb/v7e-m+fp/hard\libc_nano.a(lib_a-lock.o)
 .debug_frame   0x000010e8       0x28 c:/program files (x86)/gnu arm embedded toolchain/10 2021.07/bin/../lib/gcc/arm-none-eabi/10.3.1/../../../../arm-none-eabi/lib/thumb/v7e-m+fp/hard\libc_nano.a(lib_a-memcpy-stub.o)
 .debug_frame   0x00001110       0x20 c:/program files (x86)/gnu arm embedded toolchain/10 2021.07/bin/../lib/gcc/arm-none-eabi/10.3.1/../../../../arm-none-eabi/lib/thumb/v7e-m+fp/hard\libc_nano.a(lib_a-memset.o)
 .debug_frame   0x00001130       0x38 c:/program files (x86)/gnu arm embedded toolchain/10 2021.07/bin/../lib/gcc/arm-none-eabi/10.3.1/../../../../arm-none-eabi/lib/thumb/v7e-m+fp/hard\libc_nano.a(lib_a-nano-freer.o)
 .debug_frame   0x00001168       0x4c c:/program files (x86)/gnu arm embedded toolchain/10 2021.07/bin/../lib/gcc/arm-none-eabi/10.3.1/../../../../arm-none-eabi/lib/thumb/v7e-m+fp/hard\libc_nano.a(lib_a-nano-mallocr.o)
 .debug_frame   0x000011b4       0x74 c:/program files (x86)/gnu arm embedded toolchain/10 2021.07/bin/../lib/gcc/arm-none-eabi/10.3.1/../../../../arm-none-eabi/lib/thumb/v7e-m+fp/hard\libc_nano.a(lib_a-printf.o)
 .debug_frame   0x00001228       0x3c c:/program files (x86)/gnu arm embedded toolchain/10 2021.07/bin/../lib/gcc/arm-none-eabi/10.3.1/../../../../arm-none-eabi/lib/thumb/v7e-m+fp/hard\libc_nano.a(lib_a-puts.o)
 .debug_frame   0x00001264       0x2c c:/program files (x86)/gnu arm embedded toolchain/10 2021.07/bin/../lib/gcc/arm-none-eabi/10.3.1/../../../../arm-none-eabi/lib/thumb/v7e-m+fp/hard\libc_nano.a(lib_a-sbrkr.o)
 .debug_frame   0x00001290       0x74 c:/program files (x86)/gnu arm embedded toolchain/10 2021.07/bin/../lib/gcc/arm-none-eabi/10.3.1/../../../../arm-none-eabi/lib/thumb/v7e-m+fp/hard\libc_nano.a(lib_a-scanf.o)
 .debug_frame   0x00001304       0x88 c:/program files (x86)/gnu arm embedded toolchain/10 2021.07/bin/../lib/gcc/arm-none-eabi/10.3.1/../../../../arm-none-eabi/lib/thumb/v7e-m+fp/hard\libc_nano.a(lib_a-stdio.o)
 .debug_frame   0x0000138c       0x40 c:/program files (x86)/gnu arm embedded toolchain/10 2021.07/bin/../lib/gcc/arm-none-eabi/10.3.1/../../../../arm-none-eabi/lib/thumb/v7e-m+fp/hard\libc_nano.a(lib_a-wbuf.o)
 .debug_frame   0x000013cc       0x2c c:/program files (x86)/gnu arm embedded toolchain/10 2021.07/bin/../lib/gcc/arm-none-eabi/10.3.1/../../../../arm-none-eabi/lib/thumb/v7e-m+fp/hard\libc_nano.a(lib_a-writer.o)
 .debug_frame   0x000013f8       0x2c c:/program files (x86)/gnu arm embedded toolchain/10 2021.07/bin/../lib/gcc/arm-none-eabi/10.3.1/../../../../arm-none-eabi/lib/thumb/v7e-m+fp/hard\libc_nano.a(lib_a-wsetup.o)
 .debug_frame   0x00001424       0x2c c:/program files (x86)/gnu arm embedded toolchain/10 2021.07/bin/../lib/gcc/arm-none-eabi/10.3.1/../../../../arm-none-eabi/lib/thumb/v7e-m+fp/hard\libc_nano.a(lib_a-closer.o)
 .debug_frame   0x00001450       0x2c c:/program files (x86)/gnu arm embedded toolchain/10 2021.07/bin/../lib/gcc/arm-none-eabi/10.3.1/../../../../arm-none-eabi/lib/thumb/v7e-m+fp/hard\libc_nano.a(lib_a-lseekr.o)
 .debug_frame   0x0000147c       0x58 c:/program files (x86)/gnu arm embedded toolchain/10 2021.07/bin/../lib/gcc/arm-none-eabi/10.3.1/../../../../arm-none-eabi/lib/thumb/v7e-m+fp/hard\libc_nano.a(lib_a-makebuf.o)
 .debug_frame   0x000014d4       0x30 c:/program files (x86)/gnu arm embedded toolchain/10 2021.07/bin/../lib/gcc/arm-none-eabi/10.3.1/../../../../arm-none-eabi/lib/thumb/v7e-m+fp/hard\libc_nano.a(lib_a-mlock.o)
 .debug_frame   0x00001504       0xac c:/program files (x86)/gnu arm embedded toolchain/10 2021.07/bin/../lib/gcc/arm-none-eabi/10.3.1/../../../../arm-none-eabi/lib/thumb/v7e-m+fp/hard\libc_nano.a(lib_a-nano-vfprintf.o)
 .debug_frame   0x000015b0       0x60 c:/program files (x86)/gnu arm embedded toolchain/10 2021.07/bin/../lib/gcc/arm-none-eabi/10.3.1/../../../../arm-none-eabi/lib/thumb/v7e-m+fp/hard\libc_nano.a(lib_a-nano-vfprintf_i.o)
 .debug_frame   0x00001610       0xa4 c:/program files (x86)/gnu arm embedded toolchain/10 2021.07/bin/../lib/gcc/arm-none-eabi/10.3.1/../../../../arm-none-eabi/lib/thumb/v7e-m+fp/hard\libc_nano.a(lib_a-nano-vfscanf.o)
 .debug_frame   0x000016b4       0x64 c:/program files (x86)/gnu arm embedded toolchain/10 2021.07/bin/../lib/gcc/arm-none-eabi/10.3.1/../../../../arm-none-eabi/lib/thumb/v7e-m+fp/hard\libc_nano.a(lib_a-nano-vfscanf_i.o)
 .debug_frame   0x00001718       0x2c c:/program files (x86)/gnu arm embedded toolchain/10 2021.07/bin/../lib/gcc/arm-none-eabi/10.3.1/../../../../arm-none-eabi/lib/thumb/v7e-m+fp/hard\libc_nano.a(lib_a-readr.o)
 .debug_frame   0x00001744       0x5c c:/program files (x86)/gnu arm embedded toolchain/10 2021.07/bin/../lib/gcc/arm-none-eabi/10.3.1/../../../../arm-none-eabi/lib/thumb/v7e-m+fp/hard\libc_nano.a(lib_a-reent.o)
 .debug_frame   0x000017a0       0x40 c:/program files (x86)/gnu arm embedded toolchain/10 2021.07/bin/../lib/gcc/arm-none-eabi/10.3.1/../../../../arm-none-eabi/lib/thumb/v7e-m+fp/hard\libc_nano.a(lib_a-refill.o)
 .debug_frame   0x000017e0       0x2c c:/program files (x86)/gnu arm embedded toolchain/10 2021.07/bin/../lib/gcc/arm-none-eabi/10.3.1/../../../../arm-none-eabi/lib/thumb/v7e-m+fp/hard\libc_nano.a(lib_a-sccl.o)
 .debug_frame   0x0000180c       0x64 c:/program files (x86)/gnu arm embedded toolchain/10 2021.07/bin/../lib/gcc/arm-none-eabi/10.3.1/../../../../arm-none-eabi/lib/thumb/v7e-m+fp/hard\libc_nano.a(lib_a-strtol.o)
 .debug_frame   0x00001870       0x64 c:/program files (x86)/gnu arm embedded toolchain/10 2021.07/bin/../lib/gcc/arm-none-eabi/10.3.1/../../../../arm-none-eabi/lib/thumb/v7e-m+fp/hard\libc_nano.a(lib_a-strtoul.o)
 .debug_frame   0x000018d4       0x5c c:/program files (x86)/gnu arm embedded toolchain/10 2021.07/bin/../lib/gcc/arm-none-eabi/10.3.1/../../../../arm-none-eabi/lib/thumb/v7e-m+fp/hard\libc_nano.a(lib_a-ungetc.o)
 .debug_frame   0x00001930       0x2c c:/program files (x86)/gnu arm embedded toolchain/10 2021.07/bin/../lib/gcc/arm-none-eabi/10.3.1/../../../../arm-none-eabi/lib/thumb/v7e-m+fp/hard\libc_nano.a(lib_a-fstatr.o)
 .debug_frame   0x0000195c       0x2c c:/program files (x86)/gnu arm embedded toolchain/10 2021.07/bin/../lib/gcc/arm-none-eabi/10.3.1/../../../../arm-none-eabi/lib/thumb/v7e-m+fp/hard\libc_nano.a(lib_a-isattyr.o)
 .debug_frame   0x00001988       0x3c c:/program files (x86)/gnu arm embedded toolchain/10 2021.07/bin/../lib/gcc/arm-none-eabi/10.3.1/../../../../arm-none-eabi/lib/thumb/v7e-m+fp/hard\libc_nano.a(lib_a-nano-reallocr.o)
 .debug_frame   0x000019c4       0x20 c:/program files (x86)/gnu arm embedded toolchain/10 2021.07/bin/../lib/gcc/arm-none-eabi/10.3.1/../../../../arm-none-eabi/lib/thumb/v7e-m+fp/hard\libc_nano.a(lib_a-nano-msizer.o)
 .debug_frame   0x000019e4       0x20 c:/program files (x86)/gnu arm embedded toolchain/10 2021.07/bin/../lib/gcc/arm-none-eabi/10.3.1/../../../../arm-none-eabi/lib/thumb/v7e-m+fp/hard\libnosys.a(sbrk.o)

Cross Reference Table

Symbol                                            File
ADC1_2_IRQHandler                                 Debug/startup_stm32f303zetx.o
ADC3_IRQHandler                                   Debug/startup_stm32f303zetx.o
ADC4_IRQHandler                                   Debug/startup_stm32f303zetx.o
BusFault_Handler                                  Debug/startup_stm32f303zetx.o
CAN_RX1_IRQHandler                                Debug/startup_stm32f303zetx.o
CAN_SCE_IRQHandler                                Debug/startup_stm32f303zetx.o
COMP123_IRQHandler                                Debug/startup_stm32f303zetx.o
COMP456_IRQHandler                                Debug/startup_stm32f303zetx.o
COMP7_IRQHandler                                  Debug/startup_stm32f303zetx.o
DMA1_CH1_IRQHandler                               Debug/startup_stm32f303zetx.o
DMA1_CH2_IRQHandler                               Debug/startup_stm32f303zetx.o
DMA1_CH3_IRQHandler                               Debug/startup_stm32f303zetx.o
DMA1_CH4_IRQHandler                               Debug/startup_stm32f303zetx.o
DMA1_CH5_IRQHandler                               Debug/startup_stm32f303zetx.o
DMA1_CH6_IRQHandler                               Debug/startup_stm32f303zetx.o
DMA1_CH7_IRQHandler                               Debug/startup_stm32f303zetx.o
DMA2_CH1_IRQHandler                               Debug/startup_stm32f303zetx.o
DMA2_CH2_IRQHandler                               Debug/startup_stm32f303zetx.o
DMA2_CH3_IRQHandler                               Debug/startup_stm32f303zetx.o
DMA2_CH4_IRQHandler                               Debug/startup_stm32f303zetx.o
DMA2_CH5_IRQHandler                               Debug/startup_stm32f303zetx.o
DebugMon_Handler                                  Debug/startup_stm32f303zetx.o
Default_Handler                                   Debug/startup_stm32f303zetx.o
EXTI0_IRQHandler                                  Debug/startup_stm32f303zetx.o
EXTI15_10_IRQHandler                              Debug/startup_stm32f303zetx.o
EXTI1_IRQHandler                                  Debug/startup_stm32f303zetx.o
EXTI2_TSC_IRQHandler                              Debug/startup_stm32f303zetx.o
EXTI3_IRQHandler                                  Debug/startup_stm32f303zetx.o
EXTI4_IRQHandler                                  Debug/startup_stm32f303zetx.o
EXTI9_5_IRQHandler                                Debug/startup_stm32f303zetx.o
FLASH_IRQHandler                                  Debug/startup_stm32f303zetx.o
FMC_IRQHandler                                    Debug/startup_stm32f303zetx.o
FPU_IRQHandler                                    Debug/startup_stm32f303zetx.o
HardFault_Handler                                 Debug/startup_stm32f303zetx.o
I2C1_ER_IRQHandler                                Debug/startup_stm32f303zetx.o
I2C1_EV_EXTI23_IRQHandler                         Debug/startup_stm32f303zetx.o
I2C2_ER_IRQHandler                                Debug/startup_stm32f303zetx.o
I2C2_EV_EXTI24_IRQHandler                         Debug/startup_stm32f303zetx.o
I2C3_ER_IRQHandler                                Debug/startup_stm32f303zetx.o
I2C3_EV_IRQHandler                                Debug/startup_stm32f303zetx.o
MYUSART_Init                                      Debug/myusart.o
                                                  Debug/main.o
MYUSART_ReceiveData                               Debug/myusart.o
MYUSART_SendData                                  Debug/myusart.o
MemManage_Handler                                 Debug/startup_stm32f303zetx.o
NMI_Handler                                       Debug/startup_stm32f303zetx.o
PVD_IRQHandler                                    Debug/startup_stm32f303zetx.o
PendSV_Handler                                    Debug/port.o
RCC_IRQHandler                                    Debug/startup_stm32f303zetx.o
RTCAlarm_IRQHandler                               Debug/startup_stm32f303zetx.o
RTC_WKUP_IRQHandler                               Debug/startup_stm32f303zetx.o
Reset_Handler                                     Debug/startup_stm32f303zetx.o
SPI1_IRQHandler                                   Debug/startup_stm32f303zetx.o
SPI2_IRQHandler                                   Debug/startup_stm32f303zetx.o
SPI3_IRQHandler                                   Debug/startup_stm32f303zetx.o
SPI4_IRQHandler                                   Debug/startup_stm32f303zetx.o
SVC_Handler                                       Debug/port.o
SysTick_Handler                                   Debug/port.o
SystemCoreClock                                   Debug/port.o
SystemInit                                        Debug/startup_stm32f303zetx.o
TAMP_STAMP_IRQHandler                             Debug/startup_stm32f303zetx.o
TIM1_BRK_TIM15_IRQHandler                         Debug/startup_stm32f303zetx.o
TIM1_CC_IRQHandler                                Debug/startup_stm32f303zetx.o
TIM1_TRG_COM_TIM17_IRQHandler                     Debug/startup_stm32f303zetx.o
TIM1_UP_TIM16_IRQHandler                          Debug/startup_stm32f303zetx.o
TIM20_BRK_IRQHandler                              Debug/startup_stm32f303zetx.o
TIM20_CC_IRQHandler                               Debug/startup_stm32f303zetx.o
TIM20_TRG_COM_IRQHandler                          Debug/startup_stm32f303zetx.o
TIM20_UP_IRQHandler                               Debug/startup_stm32f303zetx.o
TIM2_IRQHandler                                   Debug/startup_stm32f303zetx.o
TIM3_IRQHandler                                   Debug/startup_stm32f303zetx.o
TIM4_IRQHandler                                   Debug/startup_stm32f303zetx.o
TIM6_DACUNDER_IRQHandler                          Debug/startup_stm32f303zetx.o
TIM7_IRQHandler                                   Debug/startup_stm32f303zetx.o
TIM8_BRK_IRQHandler                               Debug/startup_stm32f303zetx.o
TIM8_CC_IRQHandler                                Debug/startup_stm32f303zetx.o
TIM8_TRG_COM_IRQHandler                           Debug/startup_stm32f303zetx.o
TIM8_UP_IRQHandler                                Debug/startup_stm32f303zetx.o
UART4_EXTI34_IRQHandler                           Debug/startup_stm32f303zetx.o
UART5_EXTI35_IRQHandler                           Debug/startup_stm32f303zetx.o
USART1_EXTI25_IRQHandler                          Debug/startup_stm32f303zetx.o
USART2_EXTI26_IRQHandler                          Debug/startup_stm32f303zetx.o
USART3_EXTI28_IRQHandler                          Debug/startup_stm32f303zetx.o
USB_HP_CAN_TX_IRQHandler                          Debug/startup_stm32f303zetx.o
USB_HP_IRQHandler                                 Debug/startup_stm32f303zetx.o
USB_LP_CAN_RX0_IRQHandler                         Debug/startup_stm32f303zetx.o
USB_LP_IRQHandler                                 Debug/startup_stm32f303zetx.o
USB_WKUP_EXTI_IRQHandler                          Debug/startup_stm32f303zetx.o
USB_WKUP_IRQHandler                               Debug/startup_stm32f303zetx.o
UsageFault_Handler                                Debug/startup_stm32f303zetx.o
WWDG_IRQHandler                                   Debug/startup_stm32f303zetx.o
__bss_end__                                       c:/program files (x86)/gnu arm embedded toolchain/10 2021.07/bin/../lib/gcc/arm-none-eabi/10.3.1/../../../../arm-none-eabi/lib/thumb/v7e-m+fp/hard/crt0.o
__bss_start__                                     c:/program files (x86)/gnu arm embedded toolchain/10 2021.07/bin/../lib/gcc/arm-none-eabi/10.3.1/../../../../arm-none-eabi/lib/thumb/v7e-m+fp/hard/crt0.o
__call_exitprocs                                  c:/program files (x86)/gnu arm embedded toolchain/10 2021.07/bin/../lib/gcc/arm-none-eabi/10.3.1/../../../../arm-none-eabi/lib/thumb/v7e-m+fp/hard\libc_nano.a(lib_a-exit.o)
__deregister_frame_info                           c:/program files (x86)/gnu arm embedded toolchain/10 2021.07/bin/../lib/gcc/arm-none-eabi/10.3.1/thumb/v7e-m+fp/hard/crtbegin.o
__dso_handle                                      c:/program files (x86)/gnu arm embedded toolchain/10 2021.07/bin/../lib/gcc/arm-none-eabi/10.3.1/thumb/v7e-m+fp/hard/crtbegin.o
__env                                             Debug/syscalls.o
__errno                                           c:/program files (x86)/gnu arm embedded toolchain/10 2021.07/bin/../lib/gcc/arm-none-eabi/10.3.1/../../../../arm-none-eabi/lib/thumb/v7e-m+fp/hard\libc_nano.a(lib_a-errno.o)
                                                  c:/program files (x86)/gnu arm embedded toolchain/10 2021.07/bin/../lib/gcc/arm-none-eabi/10.3.1/../../../../arm-none-eabi/lib/thumb/v7e-m+fp/hard\libc_nano.a(lib_a-strtol.o)
                                                  Debug/syscalls.o
__fp_lock_all                                     c:/program files (x86)/gnu arm embedded toolchain/10 2021.07/bin/../lib/gcc/arm-none-eabi/10.3.1/../../../../arm-none-eabi/lib/thumb/v7e-m+fp/hard\libc_nano.a(lib_a-findfp.o)
__fp_unlock_all                                   c:/program files (x86)/gnu arm embedded toolchain/10 2021.07/bin/../lib/gcc/arm-none-eabi/10.3.1/../../../../arm-none-eabi/lib/thumb/v7e-m+fp/hard\libc_nano.a(lib_a-findfp.o)
__init_array_end                                  c:/program files (x86)/gnu arm embedded toolchain/10 2021.07/bin/../lib/gcc/arm-none-eabi/10.3.1/../../../../arm-none-eabi/lib/thumb/v7e-m+fp/hard\libc_nano.a(lib_a-init.o)
__init_array_start                                c:/program files (x86)/gnu arm embedded toolchain/10 2021.07/bin/../lib/gcc/arm-none-eabi/10.3.1/../../../../arm-none-eabi/lib/thumb/v7e-m+fp/hard\libc_nano.a(lib_a-init.o)
__io_getchar                                      Debug/syscalls.o
__io_putchar                                      Debug/syscalls.o
__libc_fini_array                                 c:/program files (x86)/gnu arm embedded toolchain/10 2021.07/bin/../lib/gcc/arm-none-eabi/10.3.1/../../../../arm-none-eabi/lib/thumb/v7e-m+fp/hard/crt0.o
__libc_init_array                                 c:/program files (x86)/gnu arm embedded toolchain/10 2021.07/bin/../lib/gcc/arm-none-eabi/10.3.1/../../../../arm-none-eabi/lib/thumb/v7e-m+fp/hard\libc_nano.a(lib_a-init.o)
                                                  Debug/startup_stm32f303zetx.o
                                                  c:/program files (x86)/gnu arm embedded toolchain/10 2021.07/bin/../lib/gcc/arm-none-eabi/10.3.1/../../../../arm-none-eabi/lib/thumb/v7e-m+fp/hard/crt0.o
__lock___arc4random_mutex                         c:/program files (x86)/gnu arm embedded toolchain/10 2021.07/bin/../lib/gcc/arm-none-eabi/10.3.1/../../../../arm-none-eabi/lib/thumb/v7e-m+fp/hard\libc_nano.a(lib_a-lock.o)
__lock___at_quick_exit_mutex                      c:/program files (x86)/gnu arm embedded toolchain/10 2021.07/bin/../lib/gcc/arm-none-eabi/10.3.1/../../../../arm-none-eabi/lib/thumb/v7e-m+fp/hard\libc_nano.a(lib_a-lock.o)
__lock___atexit_recursive_mutex                   c:/program files (x86)/gnu arm embedded toolchain/10 2021.07/bin/../lib/gcc/arm-none-eabi/10.3.1/../../../../arm-none-eabi/lib/thumb/v7e-m+fp/hard\libc_nano.a(lib_a-lock.o)
__lock___dd_hash_mutex                            c:/program files (x86)/gnu arm embedded toolchain/10 2021.07/bin/../lib/gcc/arm-none-eabi/10.3.1/../../../../arm-none-eabi/lib/thumb/v7e-m+fp/hard\libc_nano.a(lib_a-lock.o)
__lock___env_recursive_mutex                      c:/program files (x86)/gnu arm embedded toolchain/10 2021.07/bin/../lib/gcc/arm-none-eabi/10.3.1/../../../../arm-none-eabi/lib/thumb/v7e-m+fp/hard\libc_nano.a(lib_a-lock.o)
__lock___malloc_recursive_mutex                   c:/program files (x86)/gnu arm embedded toolchain/10 2021.07/bin/../lib/gcc/arm-none-eabi/10.3.1/../../../../arm-none-eabi/lib/thumb/v7e-m+fp/hard\libc_nano.a(lib_a-lock.o)
                                                  c:/program files (x86)/gnu arm embedded toolchain/10 2021.07/bin/../lib/gcc/arm-none-eabi/10.3.1/../../../../arm-none-eabi/lib/thumb/v7e-m+fp/hard\libc_nano.a(lib_a-mlock.o)
__lock___sfp_recursive_mutex                      c:/program files (x86)/gnu arm embedded toolchain/10 2021.07/bin/../lib/gcc/arm-none-eabi/10.3.1/../../../../arm-none-eabi/lib/thumb/v7e-m+fp/hard\libc_nano.a(lib_a-lock.o)
                                                  c:/program files (x86)/gnu arm embedded toolchain/10 2021.07/bin/../lib/gcc/arm-none-eabi/10.3.1/../../../../arm-none-eabi/lib/thumb/v7e-m+fp/hard\libc_nano.a(lib_a-findfp.o)
__lock___sinit_recursive_mutex                    c:/program files (x86)/gnu arm embedded toolchain/10 2021.07/bin/../lib/gcc/arm-none-eabi/10.3.1/../../../../arm-none-eabi/lib/thumb/v7e-m+fp/hard\libc_nano.a(lib_a-lock.o)
                                                  c:/program files (x86)/gnu arm embedded toolchain/10 2021.07/bin/../lib/gcc/arm-none-eabi/10.3.1/../../../../arm-none-eabi/lib/thumb/v7e-m+fp/hard\libc_nano.a(lib_a-findfp.o)
__lock___tz_mutex                                 c:/program files (x86)/gnu arm embedded toolchain/10 2021.07/bin/../lib/gcc/arm-none-eabi/10.3.1/../../../../arm-none-eabi/lib/thumb/v7e-m+fp/hard\libc_nano.a(lib_a-lock.o)
__malloc_free_list                                c:/program files (x86)/gnu arm embedded toolchain/10 2021.07/bin/../lib/gcc/arm-none-eabi/10.3.1/../../../../arm-none-eabi/lib/thumb/v7e-m+fp/hard\libc_nano.a(lib_a-nano-mallocr.o)
                                                  c:/program files (x86)/gnu arm embedded toolchain/10 2021.07/bin/../lib/gcc/arm-none-eabi/10.3.1/../../../../arm-none-eabi/lib/thumb/v7e-m+fp/hard\libc_nano.a(lib_a-nano-freer.o)
__malloc_lock                                     c:/program files (x86)/gnu arm embedded toolchain/10 2021.07/bin/../lib/gcc/arm-none-eabi/10.3.1/../../../../arm-none-eabi/lib/thumb/v7e-m+fp/hard\libc_nano.a(lib_a-mlock.o)
                                                  c:/program files (x86)/gnu arm embedded toolchain/10 2021.07/bin/../lib/gcc/arm-none-eabi/10.3.1/../../../../arm-none-eabi/lib/thumb/v7e-m+fp/hard\libc_nano.a(lib_a-nano-mallocr.o)
                                                  c:/program files (x86)/gnu arm embedded toolchain/10 2021.07/bin/../lib/gcc/arm-none-eabi/10.3.1/../../../../arm-none-eabi/lib/thumb/v7e-m+fp/hard\libc_nano.a(lib_a-nano-freer.o)
__malloc_sbrk_start                               c:/program files (x86)/gnu arm embedded toolchain/10 2021.07/bin/../lib/gcc/arm-none-eabi/10.3.1/../../../../arm-none-eabi/lib/thumb/v7e-m+fp/hard\libc_nano.a(lib_a-nano-mallocr.o)
__malloc_unlock                                   c:/program files (x86)/gnu arm embedded toolchain/10 2021.07/bin/../lib/gcc/arm-none-eabi/10.3.1/../../../../arm-none-eabi/lib/thumb/v7e-m+fp/hard\libc_nano.a(lib_a-mlock.o)
                                                  c:/program files (x86)/gnu arm embedded toolchain/10 2021.07/bin/../lib/gcc/arm-none-eabi/10.3.1/../../../../arm-none-eabi/lib/thumb/v7e-m+fp/hard\libc_nano.a(lib_a-nano-mallocr.o)
                                                  c:/program files (x86)/gnu arm embedded toolchain/10 2021.07/bin/../lib/gcc/arm-none-eabi/10.3.1/../../../../arm-none-eabi/lib/thumb/v7e-m+fp/hard\libc_nano.a(lib_a-nano-freer.o)
__preinit_array_end                               c:/program files (x86)/gnu arm embedded toolchain/10 2021.07/bin/../lib/gcc/arm-none-eabi/10.3.1/../../../../arm-none-eabi/lib/thumb/v7e-m+fp/hard\libc_nano.a(lib_a-init.o)
__preinit_array_start                             c:/program files (x86)/gnu arm embedded toolchain/10 2021.07/bin/../lib/gcc/arm-none-eabi/10.3.1/../../../../arm-none-eabi/lib/thumb/v7e-m+fp/hard\libc_nano.a(lib_a-init.o)
__register_frame_info                             c:/program files (x86)/gnu arm embedded toolchain/10 2021.07/bin/../lib/gcc/arm-none-eabi/10.3.1/thumb/v7e-m+fp/hard/crtbegin.o
__retarget_lock_acquire                           c:/program files (x86)/gnu arm embedded toolchain/10 2021.07/bin/../lib/gcc/arm-none-eabi/10.3.1/../../../../arm-none-eabi/lib/thumb/v7e-m+fp/hard\libc_nano.a(lib_a-lock.o)
__retarget_lock_acquire_recursive                 c:/program files (x86)/gnu arm embedded toolchain/10 2021.07/bin/../lib/gcc/arm-none-eabi/10.3.1/../../../../arm-none-eabi/lib/thumb/v7e-m+fp/hard\libc_nano.a(lib_a-lock.o)
                                                  c:/program files (x86)/gnu arm embedded toolchain/10 2021.07/bin/../lib/gcc/arm-none-eabi/10.3.1/../../../../arm-none-eabi/lib/thumb/v7e-m+fp/hard\libc_nano.a(lib_a-ungetc.o)
                                                  c:/program files (x86)/gnu arm embedded toolchain/10 2021.07/bin/../lib/gcc/arm-none-eabi/10.3.1/../../../../arm-none-eabi/lib/thumb/v7e-m+fp/hard\libc_nano.a(lib_a-nano-vfscanf.o)
                                                  c:/program files (x86)/gnu arm embedded toolchain/10 2021.07/bin/../lib/gcc/arm-none-eabi/10.3.1/../../../../arm-none-eabi/lib/thumb/v7e-m+fp/hard\libc_nano.a(lib_a-nano-vfprintf.o)
                                                  c:/program files (x86)/gnu arm embedded toolchain/10 2021.07/bin/../lib/gcc/arm-none-eabi/10.3.1/../../../../arm-none-eabi/lib/thumb/v7e-m+fp/hard\libc_nano.a(lib_a-mlock.o)
                                                  c:/program files (x86)/gnu arm embedded toolchain/10 2021.07/bin/../lib/gcc/arm-none-eabi/10.3.1/../../../../arm-none-eabi/lib/thumb/v7e-m+fp/hard\libc_nano.a(lib_a-puts.o)
                                                  c:/program files (x86)/gnu arm embedded toolchain/10 2021.07/bin/../lib/gcc/arm-none-eabi/10.3.1/../../../../arm-none-eabi/lib/thumb/v7e-m+fp/hard\libc_nano.a(lib_a-findfp.o)
                                                  c:/program files (x86)/gnu arm embedded toolchain/10 2021.07/bin/../lib/gcc/arm-none-eabi/10.3.1/../../../../arm-none-eabi/lib/thumb/v7e-m+fp/hard\libc_nano.a(lib_a-fflush.o)
__retarget_lock_close                             c:/program files (x86)/gnu arm embedded toolchain/10 2021.07/bin/../lib/gcc/arm-none-eabi/10.3.1/../../../../arm-none-eabi/lib/thumb/v7e-m+fp/hard\libc_nano.a(lib_a-lock.o)
__retarget_lock_close_recursive                   c:/program files (x86)/gnu arm embedded toolchain/10 2021.07/bin/../lib/gcc/arm-none-eabi/10.3.1/../../../../arm-none-eabi/lib/thumb/v7e-m+fp/hard\libc_nano.a(lib_a-lock.o)
__retarget_lock_init                              c:/program files (x86)/gnu arm embedded toolchain/10 2021.07/bin/../lib/gcc/arm-none-eabi/10.3.1/../../../../arm-none-eabi/lib/thumb/v7e-m+fp/hard\libc_nano.a(lib_a-lock.o)
__retarget_lock_init_recursive                    c:/program files (x86)/gnu arm embedded toolchain/10 2021.07/bin/../lib/gcc/arm-none-eabi/10.3.1/../../../../arm-none-eabi/lib/thumb/v7e-m+fp/hard\libc_nano.a(lib_a-lock.o)
                                                  c:/program files (x86)/gnu arm embedded toolchain/10 2021.07/bin/../lib/gcc/arm-none-eabi/10.3.1/../../../../arm-none-eabi/lib/thumb/v7e-m+fp/hard\libc_nano.a(lib_a-findfp.o)
__retarget_lock_release                           c:/program files (x86)/gnu arm embedded toolchain/10 2021.07/bin/../lib/gcc/arm-none-eabi/10.3.1/../../../../arm-none-eabi/lib/thumb/v7e-m+fp/hard\libc_nano.a(lib_a-lock.o)
__retarget_lock_release_recursive                 c:/program files (x86)/gnu arm embedded toolchain/10 2021.07/bin/../lib/gcc/arm-none-eabi/10.3.1/../../../../arm-none-eabi/lib/thumb/v7e-m+fp/hard\libc_nano.a(lib_a-lock.o)
                                                  c:/program files (x86)/gnu arm embedded toolchain/10 2021.07/bin/../lib/gcc/arm-none-eabi/10.3.1/../../../../arm-none-eabi/lib/thumb/v7e-m+fp/hard\libc_nano.a(lib_a-ungetc.o)
                                                  c:/program files (x86)/gnu arm embedded toolchain/10 2021.07/bin/../lib/gcc/arm-none-eabi/10.3.1/../../../../arm-none-eabi/lib/thumb/v7e-m+fp/hard\libc_nano.a(lib_a-nano-vfscanf.o)
                                                  c:/program files (x86)/gnu arm embedded toolchain/10 2021.07/bin/../lib/gcc/arm-none-eabi/10.3.1/../../../../arm-none-eabi/lib/thumb/v7e-m+fp/hard\libc_nano.a(lib_a-nano-vfprintf.o)
                                                  c:/program files (x86)/gnu arm embedded toolchain/10 2021.07/bin/../lib/gcc/arm-none-eabi/10.3.1/../../../../arm-none-eabi/lib/thumb/v7e-m+fp/hard\libc_nano.a(lib_a-mlock.o)
                                                  c:/program files (x86)/gnu arm embedded toolchain/10 2021.07/bin/../lib/gcc/arm-none-eabi/10.3.1/../../../../arm-none-eabi/lib/thumb/v7e-m+fp/hard\libc_nano.a(lib_a-puts.o)
                                                  c:/program files (x86)/gnu arm embedded toolchain/10 2021.07/bin/../lib/gcc/arm-none-eabi/10.3.1/../../../../arm-none-eabi/lib/thumb/v7e-m+fp/hard\libc_nano.a(lib_a-findfp.o)
                                                  c:/program files (x86)/gnu arm embedded toolchain/10 2021.07/bin/../lib/gcc/arm-none-eabi/10.3.1/../../../../arm-none-eabi/lib/thumb/v7e-m+fp/hard\libc_nano.a(lib_a-fflush.o)
__retarget_lock_try_acquire                       c:/program files (x86)/gnu arm embedded toolchain/10 2021.07/bin/../lib/gcc/arm-none-eabi/10.3.1/../../../../arm-none-eabi/lib/thumb/v7e-m+fp/hard\libc_nano.a(lib_a-lock.o)
__retarget_lock_try_acquire_recursive             c:/program files (x86)/gnu arm embedded toolchain/10 2021.07/bin/../lib/gcc/arm-none-eabi/10.3.1/../../../../arm-none-eabi/lib/thumb/v7e-m+fp/hard\libc_nano.a(lib_a-lock.o)
__sccl                                            c:/program files (x86)/gnu arm embedded toolchain/10 2021.07/bin/../lib/gcc/arm-none-eabi/10.3.1/../../../../arm-none-eabi/lib/thumb/v7e-m+fp/hard\libc_nano.a(lib_a-sccl.o)
                                                  c:/program files (x86)/gnu arm embedded toolchain/10 2021.07/bin/../lib/gcc/arm-none-eabi/10.3.1/../../../../arm-none-eabi/lib/thumb/v7e-m+fp/hard\libc_nano.a(lib_a-nano-vfscanf_i.o)
                                                  c:/program files (x86)/gnu arm embedded toolchain/10 2021.07/bin/../lib/gcc/arm-none-eabi/10.3.1/../../../../arm-none-eabi/lib/thumb/v7e-m+fp/hard\libc_nano.a(lib_a-nano-vfscanf.o)
__sclose                                          c:/program files (x86)/gnu arm embedded toolchain/10 2021.07/bin/../lib/gcc/arm-none-eabi/10.3.1/../../../../arm-none-eabi/lib/thumb/v7e-m+fp/hard\libc_nano.a(lib_a-stdio.o)
                                                  c:/program files (x86)/gnu arm embedded toolchain/10 2021.07/bin/../lib/gcc/arm-none-eabi/10.3.1/../../../../arm-none-eabi/lib/thumb/v7e-m+fp/hard\libc_nano.a(lib_a-findfp.o)
__seofread                                        c:/program files (x86)/gnu arm embedded toolchain/10 2021.07/bin/../lib/gcc/arm-none-eabi/10.3.1/../../../../arm-none-eabi/lib/thumb/v7e-m+fp/hard\libc_nano.a(lib_a-stdio.o)
__sf_fake_stderr                                  c:/program files (x86)/gnu arm embedded toolchain/10 2021.07/bin/../lib/gcc/arm-none-eabi/10.3.1/../../../../arm-none-eabi/lib/thumb/v7e-m+fp/hard\libc_nano.a(lib_a-findfp.o)
                                                  c:/program files (x86)/gnu arm embedded toolchain/10 2021.07/bin/../lib/gcc/arm-none-eabi/10.3.1/../../../../arm-none-eabi/lib/thumb/v7e-m+fp/hard\libc_nano.a(lib_a-ungetc.o)
                                                  c:/program files (x86)/gnu arm embedded toolchain/10 2021.07/bin/../lib/gcc/arm-none-eabi/10.3.1/../../../../arm-none-eabi/lib/thumb/v7e-m+fp/hard\libc_nano.a(lib_a-refill.o)
                                                  c:/program files (x86)/gnu arm embedded toolchain/10 2021.07/bin/../lib/gcc/arm-none-eabi/10.3.1/../../../../arm-none-eabi/lib/thumb/v7e-m+fp/hard\libc_nano.a(lib_a-nano-vfscanf.o)
                                                  c:/program files (x86)/gnu arm embedded toolchain/10 2021.07/bin/../lib/gcc/arm-none-eabi/10.3.1/../../../../arm-none-eabi/lib/thumb/v7e-m+fp/hard\libc_nano.a(lib_a-nano-vfprintf.o)
                                                  c:/program files (x86)/gnu arm embedded toolchain/10 2021.07/bin/../lib/gcc/arm-none-eabi/10.3.1/../../../../arm-none-eabi/lib/thumb/v7e-m+fp/hard\libc_nano.a(lib_a-wsetup.o)
                                                  c:/program files (x86)/gnu arm embedded toolchain/10 2021.07/bin/../lib/gcc/arm-none-eabi/10.3.1/../../../../arm-none-eabi/lib/thumb/v7e-m+fp/hard\libc_nano.a(lib_a-wbuf.o)
                                                  c:/program files (x86)/gnu arm embedded toolchain/10 2021.07/bin/../lib/gcc/arm-none-eabi/10.3.1/../../../../arm-none-eabi/lib/thumb/v7e-m+fp/hard\libc_nano.a(lib_a-puts.o)
                                                  c:/program files (x86)/gnu arm embedded toolchain/10 2021.07/bin/../lib/gcc/arm-none-eabi/10.3.1/../../../../arm-none-eabi/lib/thumb/v7e-m+fp/hard\libc_nano.a(lib_a-impure.o)
                                                  c:/program files (x86)/gnu arm embedded toolchain/10 2021.07/bin/../lib/gcc/arm-none-eabi/10.3.1/../../../../arm-none-eabi/lib/thumb/v7e-m+fp/hard\libc_nano.a(lib_a-fflush.o)
__sf_fake_stdin                                   c:/program files (x86)/gnu arm embedded toolchain/10 2021.07/bin/../lib/gcc/arm-none-eabi/10.3.1/../../../../arm-none-eabi/lib/thumb/v7e-m+fp/hard\libc_nano.a(lib_a-findfp.o)
                                                  c:/program files (x86)/gnu arm embedded toolchain/10 2021.07/bin/../lib/gcc/arm-none-eabi/10.3.1/../../../../arm-none-eabi/lib/thumb/v7e-m+fp/hard\libc_nano.a(lib_a-ungetc.o)
                                                  c:/program files (x86)/gnu arm embedded toolchain/10 2021.07/bin/../lib/gcc/arm-none-eabi/10.3.1/../../../../arm-none-eabi/lib/thumb/v7e-m+fp/hard\libc_nano.a(lib_a-refill.o)
                                                  c:/program files (x86)/gnu arm embedded toolchain/10 2021.07/bin/../lib/gcc/arm-none-eabi/10.3.1/../../../../arm-none-eabi/lib/thumb/v7e-m+fp/hard\libc_nano.a(lib_a-nano-vfscanf.o)
                                                  c:/program files (x86)/gnu arm embedded toolchain/10 2021.07/bin/../lib/gcc/arm-none-eabi/10.3.1/../../../../arm-none-eabi/lib/thumb/v7e-m+fp/hard\libc_nano.a(lib_a-nano-vfprintf.o)
                                                  c:/program files (x86)/gnu arm embedded toolchain/10 2021.07/bin/../lib/gcc/arm-none-eabi/10.3.1/../../../../arm-none-eabi/lib/thumb/v7e-m+fp/hard\libc_nano.a(lib_a-wsetup.o)
                                                  c:/program files (x86)/gnu arm embedded toolchain/10 2021.07/bin/../lib/gcc/arm-none-eabi/10.3.1/../../../../arm-none-eabi/lib/thumb/v7e-m+fp/hard\libc_nano.a(lib_a-wbuf.o)
                                                  c:/program files (x86)/gnu arm embedded toolchain/10 2021.07/bin/../lib/gcc/arm-none-eabi/10.3.1/../../../../arm-none-eabi/lib/thumb/v7e-m+fp/hard\libc_nano.a(lib_a-puts.o)
                                                  c:/program files (x86)/gnu arm embedded toolchain/10 2021.07/bin/../lib/gcc/arm-none-eabi/10.3.1/../../../../arm-none-eabi/lib/thumb/v7e-m+fp/hard\libc_nano.a(lib_a-impure.o)
                                                  c:/program files (x86)/gnu arm embedded toolchain/10 2021.07/bin/../lib/gcc/arm-none-eabi/10.3.1/../../../../arm-none-eabi/lib/thumb/v7e-m+fp/hard\libc_nano.a(lib_a-fflush.o)
__sf_fake_stdout                                  c:/program files (x86)/gnu arm embedded toolchain/10 2021.07/bin/../lib/gcc/arm-none-eabi/10.3.1/../../../../arm-none-eabi/lib/thumb/v7e-m+fp/hard\libc_nano.a(lib_a-findfp.o)
                                                  c:/program files (x86)/gnu arm embedded toolchain/10 2021.07/bin/../lib/gcc/arm-none-eabi/10.3.1/../../../../arm-none-eabi/lib/thumb/v7e-m+fp/hard\libc_nano.a(lib_a-ungetc.o)
                                                  c:/program files (x86)/gnu arm embedded toolchain/10 2021.07/bin/../lib/gcc/arm-none-eabi/10.3.1/../../../../arm-none-eabi/lib/thumb/v7e-m+fp/hard\libc_nano.a(lib_a-refill.o)
                                                  c:/program files (x86)/gnu arm embedded toolchain/10 2021.07/bin/../lib/gcc/arm-none-eabi/10.3.1/../../../../arm-none-eabi/lib/thumb/v7e-m+fp/hard\libc_nano.a(lib_a-nano-vfscanf.o)
                                                  c:/program files (x86)/gnu arm embedded toolchain/10 2021.07/bin/../lib/gcc/arm-none-eabi/10.3.1/../../../../arm-none-eabi/lib/thumb/v7e-m+fp/hard\libc_nano.a(lib_a-nano-vfprintf.o)
                                                  c:/program files (x86)/gnu arm embedded toolchain/10 2021.07/bin/../lib/gcc/arm-none-eabi/10.3.1/../../../../arm-none-eabi/lib/thumb/v7e-m+fp/hard\libc_nano.a(lib_a-wsetup.o)
                                                  c:/program files (x86)/gnu arm embedded toolchain/10 2021.07/bin/../lib/gcc/arm-none-eabi/10.3.1/../../../../arm-none-eabi/lib/thumb/v7e-m+fp/hard\libc_nano.a(lib_a-wbuf.o)
                                                  c:/program files (x86)/gnu arm embedded toolchain/10 2021.07/bin/../lib/gcc/arm-none-eabi/10.3.1/../../../../arm-none-eabi/lib/thumb/v7e-m+fp/hard\libc_nano.a(lib_a-puts.o)
                                                  c:/program files (x86)/gnu arm embedded toolchain/10 2021.07/bin/../lib/gcc/arm-none-eabi/10.3.1/../../../../arm-none-eabi/lib/thumb/v7e-m+fp/hard\libc_nano.a(lib_a-impure.o)
                                                  c:/program files (x86)/gnu arm embedded toolchain/10 2021.07/bin/../lib/gcc/arm-none-eabi/10.3.1/../../../../arm-none-eabi/lib/thumb/v7e-m+fp/hard\libc_nano.a(lib_a-fflush.o)
__sflush_r                                        c:/program files (x86)/gnu arm embedded toolchain/10 2021.07/bin/../lib/gcc/arm-none-eabi/10.3.1/../../../../arm-none-eabi/lib/thumb/v7e-m+fp/hard\libc_nano.a(lib_a-fflush.o)