ARM GAS  C:\Users\Benson\AppData\Local\Temp\ccrBtko7.s 			page 1


   1              		.cpu cortex-m4
   2              		.eabi_attribute 27, 1
   3              		.eabi_attribute 28, 1
   4              		.eabi_attribute 20, 1
   5              		.eabi_attribute 21, 1
   6              		.eabi_attribute 23, 3
   7              		.eabi_attribute 24, 1
   8              		.eabi_attribute 25, 1
   9              		.eabi_attribute 26, 1
  10              		.eabi_attribute 30, 6
  11              		.eabi_attribute 34, 1
  12              		.eabi_attribute 18, 4
  13              		.file	"syscalls.c"
  14              		.text
  15              	.Ltext0:
  16              		.cfi_sections	.debug_frame
  17              		.global	__env
  18              		.section	.bss.__env,"aw",%nobits
  19              		.align	2
  22              	__env:
  23 0000 00000000 		.space	4
  24              		.global	environ
  25              		.section	.data.environ,"aw"
  26              		.align	2
  29              	environ:
  30 0000 00000000 		.word	__env
  31              		.section	.text.initialise_monitor_handles,"ax",%progbits
  32              		.align	1
  33              		.global	initialise_monitor_handles
  34              		.arch armv7e-m
  35              		.syntax unified
  36              		.thumb
  37              		.thumb_func
  38              		.fpu fpv4-sp-d16
  40              	initialise_monitor_handles:
  41              	.LFB25:
  42              		.file 1 "./Src/syscalls.c"
   1:./Src/syscalls.c **** /**
   2:./Src/syscalls.c ****  ******************************************************************************
   3:./Src/syscalls.c ****  * @file      syscalls.c
   4:./Src/syscalls.c ****  * @author    Auto-generated by STM32CubeIDE
   5:./Src/syscalls.c ****  * @brief     STM32CubeIDE Minimal System calls file
   6:./Src/syscalls.c ****  *
   7:./Src/syscalls.c ****  *            For more information about which c-functions
   8:./Src/syscalls.c ****  *            need which of these lowlevel functions
   9:./Src/syscalls.c ****  *            please consult the Newlib libc-manual
  10:./Src/syscalls.c ****  ******************************************************************************
  11:./Src/syscalls.c ****  * @attention
  12:./Src/syscalls.c ****  *
  13:./Src/syscalls.c ****  * <h2><center>&copy; Copyright (c) 2020 STMicroelectronics.
  14:./Src/syscalls.c ****  * All rights reserved.</center></h2>
  15:./Src/syscalls.c ****  *
  16:./Src/syscalls.c ****  * This software component is licensed by ST under BSD 3-Clause license,
  17:./Src/syscalls.c ****  * the "License"; You may not use this file except in compliance with the
  18:./Src/syscalls.c ****  * License. You may obtain a copy of the License at:
  19:./Src/syscalls.c ****  *                        opensource.org/licenses/BSD-3-Clause
  20:./Src/syscalls.c ****  *
ARM GAS  C:\Users\Benson\AppData\Local\Temp\ccrBtko7.s 			page 2


  21:./Src/syscalls.c ****  ******************************************************************************
  22:./Src/syscalls.c ****  */
  23:./Src/syscalls.c **** 
  24:./Src/syscalls.c **** /* Includes */
  25:./Src/syscalls.c **** #include <sys/stat.h>
  26:./Src/syscalls.c **** #include <stdlib.h>
  27:./Src/syscalls.c **** #include <errno.h>
  28:./Src/syscalls.c **** #include <stdio.h>
  29:./Src/syscalls.c **** #include <signal.h>
  30:./Src/syscalls.c **** #include <time.h>
  31:./Src/syscalls.c **** #include <sys/time.h>
  32:./Src/syscalls.c **** #include <sys/times.h>
  33:./Src/syscalls.c **** 
  34:./Src/syscalls.c **** /* Variables */
  35:./Src/syscalls.c **** extern int __io_putchar(int ch) __attribute__((weak));
  36:./Src/syscalls.c **** extern int __io_getchar(void) __attribute__((weak));
  37:./Src/syscalls.c **** 
  38:./Src/syscalls.c **** char *__env[1] = { 0 };
  39:./Src/syscalls.c **** char **environ = __env;
  40:./Src/syscalls.c **** 
  41:./Src/syscalls.c **** /* Functions */
  42:./Src/syscalls.c **** void initialise_monitor_handles()
  43:./Src/syscalls.c **** {
  43              		.loc 1 43 1
  44              		.cfi_startproc
  45              		@ args = 0, pretend = 0, frame = 0
  46              		@ frame_needed = 1, uses_anonymous_args = 0
  47              		@ link register save eliminated.
  48 0000 80B4     		push	{r7}
  49              	.LCFI0:
  50              		.cfi_def_cfa_offset 4
  51              		.cfi_offset 7, -4
  52 0002 00AF     		add	r7, sp, #0
  53              	.LCFI1:
  54              		.cfi_def_cfa_register 7
  44:./Src/syscalls.c **** 	
  45:./Src/syscalls.c **** }
  55              		.loc 1 45 1
  56 0004 00BF     		nop
  57 0006 BD46     		mov	sp, r7
  58              	.LCFI2:
  59              		.cfi_def_cfa_register 13
  60              		@ sp needed
  61 0008 5DF8047B 		ldr	r7, [sp], #4
  62              	.LCFI3:
  63              		.cfi_restore 7
  64              		.cfi_def_cfa_offset 0
  65 000c 7047     		bx	lr
  66              		.cfi_endproc
  67              	.LFE25:
  69              		.section	.text._getpid,"ax",%progbits
  70              		.align	1
  71              		.global	_getpid
  72              		.syntax unified
  73              		.thumb
  74              		.thumb_func
  75              		.fpu fpv4-sp-d16
ARM GAS  C:\Users\Benson\AppData\Local\Temp\ccrBtko7.s 			page 3


  77              	_getpid:
  78              	.LFB26:
  46:./Src/syscalls.c **** 
  47:./Src/syscalls.c **** int _getpid(void)
  48:./Src/syscalls.c **** {
  79              		.loc 1 48 1
  80              		.cfi_startproc
  81              		@ args = 0, pretend = 0, frame = 0
  82              		@ frame_needed = 1, uses_anonymous_args = 0
  83              		@ link register save eliminated.
  84 0000 80B4     		push	{r7}
  85              	.LCFI4:
  86              		.cfi_def_cfa_offset 4
  87              		.cfi_offset 7, -4
  88 0002 00AF     		add	r7, sp, #0
  89              	.LCFI5:
  90              		.cfi_def_cfa_register 7
  49:./Src/syscalls.c **** 	return 1;
  91              		.loc 1 49 9
  92 0004 0123     		movs	r3, #1
  50:./Src/syscalls.c **** }
  93              		.loc 1 50 1
  94 0006 1846     		mov	r0, r3
  95 0008 BD46     		mov	sp, r7
  96              	.LCFI6:
  97              		.cfi_def_cfa_register 13
  98              		@ sp needed
  99 000a 5DF8047B 		ldr	r7, [sp], #4
 100              	.LCFI7:
 101              		.cfi_restore 7
 102              		.cfi_def_cfa_offset 0
 103 000e 7047     		bx	lr
 104              		.cfi_endproc
 105              	.LFE26:
 107              		.section	.text._kill,"ax",%progbits
 108              		.align	1
 109              		.global	_kill
 110              		.syntax unified
 111              		.thumb
 112              		.thumb_func
 113              		.fpu fpv4-sp-d16
 115              	_kill:
 116              	.LFB27:
  51:./Src/syscalls.c **** 
  52:./Src/syscalls.c **** int _kill(int pid, int sig)
  53:./Src/syscalls.c **** {
 117              		.loc 1 53 1
 118              		.cfi_startproc
 119              		@ args = 0, pretend = 0, frame = 8
 120              		@ frame_needed = 1, uses_anonymous_args = 0
 121 0000 80B5     		push	{r7, lr}
 122              	.LCFI8:
 123              		.cfi_def_cfa_offset 8
 124              		.cfi_offset 7, -8
 125              		.cfi_offset 14, -4
 126 0002 82B0     		sub	sp, sp, #8
 127              	.LCFI9:
ARM GAS  C:\Users\Benson\AppData\Local\Temp\ccrBtko7.s 			page 4


 128              		.cfi_def_cfa_offset 16
 129 0004 00AF     		add	r7, sp, #0
 130              	.LCFI10:
 131              		.cfi_def_cfa_register 7
 132 0006 7860     		str	r0, [r7, #4]
 133 0008 3960     		str	r1, [r7]
  54:./Src/syscalls.c **** 	errno = EINVAL;
 134              		.loc 1 54 2
 135 000a FFF7FEFF 		bl	__errno
 136 000e 0346     		mov	r3, r0
 137              		.loc 1 54 8
 138 0010 1622     		movs	r2, #22
 139 0012 1A60     		str	r2, [r3]
  55:./Src/syscalls.c **** 	return -1;
 140              		.loc 1 55 9
 141 0014 4FF0FF33 		mov	r3, #-1
  56:./Src/syscalls.c **** }
 142              		.loc 1 56 1
 143 0018 1846     		mov	r0, r3
 144 001a 0837     		adds	r7, r7, #8
 145              	.LCFI11:
 146              		.cfi_def_cfa_offset 8
 147 001c BD46     		mov	sp, r7
 148              	.LCFI12:
 149              		.cfi_def_cfa_register 13
 150              		@ sp needed
 151 001e 80BD     		pop	{r7, pc}
 152              		.cfi_endproc
 153              	.LFE27:
 155              		.section	.text._exit,"ax",%progbits
 156              		.align	1
 157              		.global	_exit
 158              		.syntax unified
 159              		.thumb
 160              		.thumb_func
 161              		.fpu fpv4-sp-d16
 163              	_exit:
 164              	.LFB28:
  57:./Src/syscalls.c **** 
  58:./Src/syscalls.c **** void _exit (int status)
  59:./Src/syscalls.c **** {
 165              		.loc 1 59 1
 166              		.cfi_startproc
 167              		@ args = 0, pretend = 0, frame = 8
 168              		@ frame_needed = 1, uses_anonymous_args = 0
 169 0000 80B5     		push	{r7, lr}
 170              	.LCFI13:
 171              		.cfi_def_cfa_offset 8
 172              		.cfi_offset 7, -8
 173              		.cfi_offset 14, -4
 174 0002 82B0     		sub	sp, sp, #8
 175              	.LCFI14:
 176              		.cfi_def_cfa_offset 16
 177 0004 00AF     		add	r7, sp, #0
 178              	.LCFI15:
 179              		.cfi_def_cfa_register 7
 180 0006 7860     		str	r0, [r7, #4]
ARM GAS  C:\Users\Benson\AppData\Local\Temp\ccrBtko7.s 			page 5


  60:./Src/syscalls.c **** 	_kill(status, -1);
 181              		.loc 1 60 2
 182 0008 4FF0FF31 		mov	r1, #-1
 183 000c 7868     		ldr	r0, [r7, #4]
 184 000e FFF7FEFF 		bl	_kill
 185              	.L7:
  61:./Src/syscalls.c **** 	while (1) {}		/* Make sure we hang here */
 186              		.loc 1 61 8 discriminator 1
 187 0012 FEE7     		b	.L7
 188              		.cfi_endproc
 189              	.LFE28:
 191              		.section	.text._read,"ax",%progbits
 192              		.align	1
 193              		.weak	_read
 194              		.syntax unified
 195              		.thumb
 196              		.thumb_func
 197              		.fpu fpv4-sp-d16
 199              	_read:
 200              	.LFB29:
  62:./Src/syscalls.c **** }
  63:./Src/syscalls.c **** 
  64:./Src/syscalls.c **** __attribute__((weak)) int _read(int file, char *ptr, int len)
  65:./Src/syscalls.c **** {
 201              		.loc 1 65 1
 202              		.cfi_startproc
 203              		@ args = 0, pretend = 0, frame = 24
 204              		@ frame_needed = 1, uses_anonymous_args = 0
 205 0000 80B5     		push	{r7, lr}
 206              	.LCFI16:
 207              		.cfi_def_cfa_offset 8
 208              		.cfi_offset 7, -8
 209              		.cfi_offset 14, -4
 210 0002 86B0     		sub	sp, sp, #24
 211              	.LCFI17:
 212              		.cfi_def_cfa_offset 32
 213 0004 00AF     		add	r7, sp, #0
 214              	.LCFI18:
 215              		.cfi_def_cfa_register 7
 216 0006 F860     		str	r0, [r7, #12]
 217 0008 B960     		str	r1, [r7, #8]
 218 000a 7A60     		str	r2, [r7, #4]
  66:./Src/syscalls.c **** 	int DataIdx;
  67:./Src/syscalls.c **** 
  68:./Src/syscalls.c **** 	for (DataIdx = 0; DataIdx < len; DataIdx++)
 219              		.loc 1 68 15
 220 000c 0023     		movs	r3, #0
 221 000e 7B61     		str	r3, [r7, #20]
 222              		.loc 1 68 2
 223 0010 0AE0     		b	.L9
 224              	.L10:
  69:./Src/syscalls.c **** 	{
  70:./Src/syscalls.c **** 		*ptr++ = __io_getchar();
 225              		.loc 1 70 12 discriminator 3
 226 0012 FFF7FEFF 		bl	__io_getchar
 227 0016 0146     		mov	r1, r0
 228              		.loc 1 70 7 discriminator 3
ARM GAS  C:\Users\Benson\AppData\Local\Temp\ccrBtko7.s 			page 6


 229 0018 BB68     		ldr	r3, [r7, #8]
 230 001a 5A1C     		adds	r2, r3, #1
 231 001c BA60     		str	r2, [r7, #8]
 232              		.loc 1 70 10 discriminator 3
 233 001e CAB2     		uxtb	r2, r1
 234 0020 1A70     		strb	r2, [r3]
  68:./Src/syscalls.c **** 	{
 235              		.loc 1 68 42 discriminator 3
 236 0022 7B69     		ldr	r3, [r7, #20]
 237 0024 0133     		adds	r3, r3, #1
 238 0026 7B61     		str	r3, [r7, #20]
 239              	.L9:
  68:./Src/syscalls.c **** 	{
 240              		.loc 1 68 2 discriminator 1
 241 0028 7A69     		ldr	r2, [r7, #20]
 242 002a 7B68     		ldr	r3, [r7, #4]
 243 002c 9A42     		cmp	r2, r3
 244 002e F0DB     		blt	.L10
  71:./Src/syscalls.c **** 	}
  72:./Src/syscalls.c **** 
  73:./Src/syscalls.c **** 	return len;
 245              		.loc 1 73 9
 246 0030 7B68     		ldr	r3, [r7, #4]
  74:./Src/syscalls.c **** }
 247              		.loc 1 74 1
 248 0032 1846     		mov	r0, r3
 249 0034 1837     		adds	r7, r7, #24
 250              	.LCFI19:
 251              		.cfi_def_cfa_offset 8
 252 0036 BD46     		mov	sp, r7
 253              	.LCFI20:
 254              		.cfi_def_cfa_register 13
 255              		@ sp needed
 256 0038 80BD     		pop	{r7, pc}
 257              		.cfi_endproc
 258              	.LFE29:
 260              		.section	.text._write,"ax",%progbits
 261              		.align	1
 262              		.weak	_write
 263              		.syntax unified
 264              		.thumb
 265              		.thumb_func
 266              		.fpu fpv4-sp-d16
 268              	_write:
 269              	.LFB30:
  75:./Src/syscalls.c **** 
  76:./Src/syscalls.c **** __attribute__((weak)) int _write(int file, char *ptr, int len)
  77:./Src/syscalls.c **** {
 270              		.loc 1 77 1
 271              		.cfi_startproc
 272              		@ args = 0, pretend = 0, frame = 24
 273              		@ frame_needed = 1, uses_anonymous_args = 0
 274 0000 80B5     		push	{r7, lr}
 275              	.LCFI21:
 276              		.cfi_def_cfa_offset 8
 277              		.cfi_offset 7, -8
 278              		.cfi_offset 14, -4
ARM GAS  C:\Users\Benson\AppData\Local\Temp\ccrBtko7.s 			page 7


 279 0002 86B0     		sub	sp, sp, #24
 280              	.LCFI22:
 281              		.cfi_def_cfa_offset 32
 282 0004 00AF     		add	r7, sp, #0
 283              	.LCFI23:
 284              		.cfi_def_cfa_register 7
 285 0006 F860     		str	r0, [r7, #12]
 286 0008 B960     		str	r1, [r7, #8]
 287 000a 7A60     		str	r2, [r7, #4]
  78:./Src/syscalls.c **** 	int DataIdx;
  79:./Src/syscalls.c **** 
  80:./Src/syscalls.c **** 	for (DataIdx = 0; DataIdx < len; DataIdx++)
 288              		.loc 1 80 15
 289 000c 0023     		movs	r3, #0
 290 000e 7B61     		str	r3, [r7, #20]
 291              		.loc 1 80 2
 292 0010 09E0     		b	.L13
 293              	.L14:
  81:./Src/syscalls.c **** 	{
  82:./Src/syscalls.c **** 		__io_putchar(*ptr++);
 294              		.loc 1 82 20 discriminator 3
 295 0012 BB68     		ldr	r3, [r7, #8]
 296 0014 5A1C     		adds	r2, r3, #1
 297 0016 BA60     		str	r2, [r7, #8]
 298              		.loc 1 82 16 discriminator 3
 299 0018 1B78     		ldrb	r3, [r3]	@ zero_extendqisi2
 300              		.loc 1 82 3 discriminator 3
 301 001a 1846     		mov	r0, r3
 302 001c FFF7FEFF 		bl	__io_putchar
  80:./Src/syscalls.c **** 	{
 303              		.loc 1 80 42 discriminator 3
 304 0020 7B69     		ldr	r3, [r7, #20]
 305 0022 0133     		adds	r3, r3, #1
 306 0024 7B61     		str	r3, [r7, #20]
 307              	.L13:
  80:./Src/syscalls.c **** 	{
 308              		.loc 1 80 2 discriminator 1
 309 0026 7A69     		ldr	r2, [r7, #20]
 310 0028 7B68     		ldr	r3, [r7, #4]
 311 002a 9A42     		cmp	r2, r3
 312 002c F1DB     		blt	.L14
  83:./Src/syscalls.c **** 	}
  84:./Src/syscalls.c **** 	return len;
 313              		.loc 1 84 9
 314 002e 7B68     		ldr	r3, [r7, #4]
  85:./Src/syscalls.c **** }
 315              		.loc 1 85 1
 316 0030 1846     		mov	r0, r3
 317 0032 1837     		adds	r7, r7, #24
 318              	.LCFI24:
 319              		.cfi_def_cfa_offset 8
 320 0034 BD46     		mov	sp, r7
 321              	.LCFI25:
 322              		.cfi_def_cfa_register 13
 323              		@ sp needed
 324 0036 80BD     		pop	{r7, pc}
 325              		.cfi_endproc
ARM GAS  C:\Users\Benson\AppData\Local\Temp\ccrBtko7.s 			page 8


 326              	.LFE30:
 328              		.section	.text._close,"ax",%progbits
 329              		.align	1
 330              		.global	_close
 331              		.syntax unified
 332              		.thumb
 333              		.thumb_func
 334              		.fpu fpv4-sp-d16
 336              	_close:
 337              	.LFB31:
  86:./Src/syscalls.c **** 
  87:./Src/syscalls.c **** int _close(int file)
  88:./Src/syscalls.c **** {
 338              		.loc 1 88 1
 339              		.cfi_startproc
 340              		@ args = 0, pretend = 0, frame = 8
 341              		@ frame_needed = 1, uses_anonymous_args = 0
 342              		@ link register save eliminated.
 343 0000 80B4     		push	{r7}
 344              	.LCFI26:
 345              		.cfi_def_cfa_offset 4
 346              		.cfi_offset 7, -4
 347 0002 83B0     		sub	sp, sp, #12
 348              	.LCFI27:
 349              		.cfi_def_cfa_offset 16
 350 0004 00AF     		add	r7, sp, #0
 351              	.LCFI28:
 352              		.cfi_def_cfa_register 7
 353 0006 7860     		str	r0, [r7, #4]
  89:./Src/syscalls.c **** 	return -1;
 354              		.loc 1 89 9
 355 0008 4FF0FF33 		mov	r3, #-1
  90:./Src/syscalls.c **** }
 356              		.loc 1 90 1
 357 000c 1846     		mov	r0, r3
 358 000e 0C37     		adds	r7, r7, #12
 359              	.LCFI29:
 360              		.cfi_def_cfa_offset 4
 361 0010 BD46     		mov	sp, r7
 362              	.LCFI30:
 363              		.cfi_def_cfa_register 13
 364              		@ sp needed
 365 0012 5DF8047B 		ldr	r7, [sp], #4
 366              	.LCFI31:
 367              		.cfi_restore 7
 368              		.cfi_def_cfa_offset 0
 369 0016 7047     		bx	lr
 370              		.cfi_endproc
 371              	.LFE31:
 373              		.section	.text._fstat,"ax",%progbits
 374              		.align	1
 375              		.global	_fstat
 376              		.syntax unified
 377              		.thumb
 378              		.thumb_func
 379              		.fpu fpv4-sp-d16
 381              	_fstat:
ARM GAS  C:\Users\Benson\AppData\Local\Temp\ccrBtko7.s 			page 9


 382              	.LFB32:
  91:./Src/syscalls.c **** 
  92:./Src/syscalls.c **** 
  93:./Src/syscalls.c **** int _fstat(int file, struct stat *st)
  94:./Src/syscalls.c **** {
 383              		.loc 1 94 1
 384              		.cfi_startproc
 385              		@ args = 0, pretend = 0, frame = 8
 386              		@ frame_needed = 1, uses_anonymous_args = 0
 387              		@ link register save eliminated.
 388 0000 80B4     		push	{r7}
 389              	.LCFI32:
 390              		.cfi_def_cfa_offset 4
 391              		.cfi_offset 7, -4
 392 0002 83B0     		sub	sp, sp, #12
 393              	.LCFI33:
 394              		.cfi_def_cfa_offset 16
 395 0004 00AF     		add	r7, sp, #0
 396              	.LCFI34:
 397              		.cfi_def_cfa_register 7
 398 0006 7860     		str	r0, [r7, #4]
 399 0008 3960     		str	r1, [r7]
  95:./Src/syscalls.c **** 	st->st_mode = S_IFCHR;
 400              		.loc 1 95 14
 401 000a 3B68     		ldr	r3, [r7]
 402 000c 4FF40052 		mov	r2, #8192
 403 0010 5A60     		str	r2, [r3, #4]
  96:./Src/syscalls.c **** 	return 0;
 404              		.loc 1 96 9
 405 0012 0023     		movs	r3, #0
  97:./Src/syscalls.c **** }
 406              		.loc 1 97 1
 407 0014 1846     		mov	r0, r3
 408 0016 0C37     		adds	r7, r7, #12
 409              	.LCFI35:
 410              		.cfi_def_cfa_offset 4
 411 0018 BD46     		mov	sp, r7
 412              	.LCFI36:
 413              		.cfi_def_cfa_register 13
 414              		@ sp needed
 415 001a 5DF8047B 		ldr	r7, [sp], #4
 416              	.LCFI37:
 417              		.cfi_restore 7
 418              		.cfi_def_cfa_offset 0
 419 001e 7047     		bx	lr
 420              		.cfi_endproc
 421              	.LFE32:
 423              		.section	.text._isatty,"ax",%progbits
 424              		.align	1
 425              		.global	_isatty
 426              		.syntax unified
 427              		.thumb
 428              		.thumb_func
 429              		.fpu fpv4-sp-d16
 431              	_isatty:
 432              	.LFB33:
  98:./Src/syscalls.c **** 
ARM GAS  C:\Users\Benson\AppData\Local\Temp\ccrBtko7.s 			page 10


  99:./Src/syscalls.c **** int _isatty(int file)
 100:./Src/syscalls.c **** {
 433              		.loc 1 100 1
 434              		.cfi_startproc
 435              		@ args = 0, pretend = 0, frame = 8
 436              		@ frame_needed = 1, uses_anonymous_args = 0
 437              		@ link register save eliminated.
 438 0000 80B4     		push	{r7}
 439              	.LCFI38:
 440              		.cfi_def_cfa_offset 4
 441              		.cfi_offset 7, -4
 442 0002 83B0     		sub	sp, sp, #12
 443              	.LCFI39:
 444              		.cfi_def_cfa_offset 16
 445 0004 00AF     		add	r7, sp, #0
 446              	.LCFI40:
 447              		.cfi_def_cfa_register 7
 448 0006 7860     		str	r0, [r7, #4]
 101:./Src/syscalls.c **** 	return 1;
 449              		.loc 1 101 9
 450 0008 0123     		movs	r3, #1
 102:./Src/syscalls.c **** }
 451              		.loc 1 102 1
 452 000a 1846     		mov	r0, r3
 453 000c 0C37     		adds	r7, r7, #12
 454              	.LCFI41:
 455              		.cfi_def_cfa_offset 4
 456 000e BD46     		mov	sp, r7
 457              	.LCFI42:
 458              		.cfi_def_cfa_register 13
 459              		@ sp needed
 460 0010 5DF8047B 		ldr	r7, [sp], #4
 461              	.LCFI43:
 462              		.cfi_restore 7
 463              		.cfi_def_cfa_offset 0
 464 0014 7047     		bx	lr
 465              		.cfi_endproc
 466              	.LFE33:
 468              		.section	.text._lseek,"ax",%progbits
 469              		.align	1
 470              		.global	_lseek
 471              		.syntax unified
 472              		.thumb
 473              		.thumb_func
 474              		.fpu fpv4-sp-d16
 476              	_lseek:
 477              	.LFB34:
 103:./Src/syscalls.c **** 
 104:./Src/syscalls.c **** int _lseek(int file, int ptr, int dir)
 105:./Src/syscalls.c **** {
 478              		.loc 1 105 1
 479              		.cfi_startproc
 480              		@ args = 0, pretend = 0, frame = 16
 481              		@ frame_needed = 1, uses_anonymous_args = 0
 482              		@ link register save eliminated.
 483 0000 80B4     		push	{r7}
 484              	.LCFI44:
ARM GAS  C:\Users\Benson\AppData\Local\Temp\ccrBtko7.s 			page 11


 485              		.cfi_def_cfa_offset 4
 486              		.cfi_offset 7, -4
 487 0002 85B0     		sub	sp, sp, #20
 488              	.LCFI45:
 489              		.cfi_def_cfa_offset 24
 490 0004 00AF     		add	r7, sp, #0
 491              	.LCFI46:
 492              		.cfi_def_cfa_register 7
 493 0006 F860     		str	r0, [r7, #12]
 494 0008 B960     		str	r1, [r7, #8]
 495 000a 7A60     		str	r2, [r7, #4]
 106:./Src/syscalls.c **** 	return 0;
 496              		.loc 1 106 9
 497 000c 0023     		movs	r3, #0
 107:./Src/syscalls.c **** }
 498              		.loc 1 107 1
 499 000e 1846     		mov	r0, r3
 500 0010 1437     		adds	r7, r7, #20
 501              	.LCFI47:
 502              		.cfi_def_cfa_offset 4
 503 0012 BD46     		mov	sp, r7
 504              	.LCFI48:
 505              		.cfi_def_cfa_register 13
 506              		@ sp needed
 507 0014 5DF8047B 		ldr	r7, [sp], #4
 508              	.LCFI49:
 509              		.cfi_restore 7
 510              		.cfi_def_cfa_offset 0
 511 0018 7047     		bx	lr
 512              		.cfi_endproc
 513              	.LFE34:
 515              		.section	.text._open,"ax",%progbits
 516              		.align	1
 517              		.global	_open
 518              		.syntax unified
 519              		.thumb
 520              		.thumb_func
 521              		.fpu fpv4-sp-d16
 523              	_open:
 524              	.LFB35:
 108:./Src/syscalls.c **** 
 109:./Src/syscalls.c **** int _open(char *path, int flags, ...)
 110:./Src/syscalls.c **** {
 525              		.loc 1 110 1
 526              		.cfi_startproc
 527              		@ args = 4, pretend = 12, frame = 8
 528              		@ frame_needed = 1, uses_anonymous_args = 1
 529              		@ link register save eliminated.
 530 0000 0EB4     		push	{r1, r2, r3}
 531              	.LCFI50:
 532              		.cfi_def_cfa_offset 12
 533              		.cfi_offset 1, -12
 534              		.cfi_offset 2, -8
 535              		.cfi_offset 3, -4
 536 0002 80B4     		push	{r7}
 537              	.LCFI51:
 538              		.cfi_def_cfa_offset 16
ARM GAS  C:\Users\Benson\AppData\Local\Temp\ccrBtko7.s 			page 12


 539              		.cfi_offset 7, -16
 540 0004 82B0     		sub	sp, sp, #8
 541              	.LCFI52:
 542              		.cfi_def_cfa_offset 24
 543 0006 00AF     		add	r7, sp, #0
 544              	.LCFI53:
 545              		.cfi_def_cfa_register 7
 546 0008 7860     		str	r0, [r7, #4]
 111:./Src/syscalls.c **** 	/* Pretend like we always fail */
 112:./Src/syscalls.c **** 	return -1;
 547              		.loc 1 112 9
 548 000a 4FF0FF33 		mov	r3, #-1
 113:./Src/syscalls.c **** }
 549              		.loc 1 113 1
 550 000e 1846     		mov	r0, r3
 551 0010 0837     		adds	r7, r7, #8
 552              	.LCFI54:
 553              		.cfi_def_cfa_offset 16
 554 0012 BD46     		mov	sp, r7
 555              	.LCFI55:
 556              		.cfi_def_cfa_register 13
 557              		@ sp needed
 558 0014 5DF8047B 		ldr	r7, [sp], #4
 559              	.LCFI56:
 560              		.cfi_restore 7
 561              		.cfi_def_cfa_offset 12
 562 0018 03B0     		add	sp, sp, #12
 563              	.LCFI57:
 564              		.cfi_restore 3
 565              		.cfi_restore 2
 566              		.cfi_restore 1
 567              		.cfi_def_cfa_offset 0
 568 001a 7047     		bx	lr
 569              		.cfi_endproc
 570              	.LFE35:
 572              		.section	.text._wait,"ax",%progbits
 573              		.align	1
 574              		.global	_wait
 575              		.syntax unified
 576              		.thumb
 577              		.thumb_func
 578              		.fpu fpv4-sp-d16
 580              	_wait:
 581              	.LFB36:
 114:./Src/syscalls.c **** 
 115:./Src/syscalls.c **** int _wait(int *status)
 116:./Src/syscalls.c **** {
 582              		.loc 1 116 1
 583              		.cfi_startproc
 584              		@ args = 0, pretend = 0, frame = 8
 585              		@ frame_needed = 1, uses_anonymous_args = 0
 586 0000 80B5     		push	{r7, lr}
 587              	.LCFI58:
 588              		.cfi_def_cfa_offset 8
 589              		.cfi_offset 7, -8
 590              		.cfi_offset 14, -4
 591 0002 82B0     		sub	sp, sp, #8
ARM GAS  C:\Users\Benson\AppData\Local\Temp\ccrBtko7.s 			page 13


 592              	.LCFI59:
 593              		.cfi_def_cfa_offset 16
 594 0004 00AF     		add	r7, sp, #0
 595              	.LCFI60:
 596              		.cfi_def_cfa_register 7
 597 0006 7860     		str	r0, [r7, #4]
 117:./Src/syscalls.c **** 	errno = ECHILD;
 598              		.loc 1 117 2
 599 0008 FFF7FEFF 		bl	__errno
 600 000c 0346     		mov	r3, r0
 601              		.loc 1 117 8
 602 000e 0A22     		movs	r2, #10
 603 0010 1A60     		str	r2, [r3]
 118:./Src/syscalls.c **** 	return -1;
 604              		.loc 1 118 9
 605 0012 4FF0FF33 		mov	r3, #-1
 119:./Src/syscalls.c **** }
 606              		.loc 1 119 1
 607 0016 1846     		mov	r0, r3
 608 0018 0837     		adds	r7, r7, #8
 609              	.LCFI61:
 610              		.cfi_def_cfa_offset 8
 611 001a BD46     		mov	sp, r7
 612              	.LCFI62:
 613              		.cfi_def_cfa_register 13
 614              		@ sp needed
 615 001c 80BD     		pop	{r7, pc}
 616              		.cfi_endproc
 617              	.LFE36:
 619              		.section	.text._unlink,"ax",%progbits
 620              		.align	1
 621              		.global	_unlink
 622              		.syntax unified
 623              		.thumb
 624              		.thumb_func
 625              		.fpu fpv4-sp-d16
 627              	_unlink:
 628              	.LFB37:
 120:./Src/syscalls.c **** 
 121:./Src/syscalls.c **** int _unlink(char *name)
 122:./Src/syscalls.c **** {
 629              		.loc 1 122 1
 630              		.cfi_startproc
 631              		@ args = 0, pretend = 0, frame = 8
 632              		@ frame_needed = 1, uses_anonymous_args = 0
 633 0000 80B5     		push	{r7, lr}
 634              	.LCFI63:
 635              		.cfi_def_cfa_offset 8
 636              		.cfi_offset 7, -8
 637              		.cfi_offset 14, -4
 638 0002 82B0     		sub	sp, sp, #8
 639              	.LCFI64:
 640              		.cfi_def_cfa_offset 16
 641 0004 00AF     		add	r7, sp, #0
 642              	.LCFI65:
 643              		.cfi_def_cfa_register 7
 644 0006 7860     		str	r0, [r7, #4]
ARM GAS  C:\Users\Benson\AppData\Local\Temp\ccrBtko7.s 			page 14


 123:./Src/syscalls.c **** 	errno = ENOENT;
 645              		.loc 1 123 2
 646 0008 FFF7FEFF 		bl	__errno
 647 000c 0346     		mov	r3, r0
 648              		.loc 1 123 8
 649 000e 0222     		movs	r2, #2
 650 0010 1A60     		str	r2, [r3]
 124:./Src/syscalls.c **** 	return -1;
 651              		.loc 1 124 9
 652 0012 4FF0FF33 		mov	r3, #-1
 125:./Src/syscalls.c **** }
 653              		.loc 1 125 1
 654 0016 1846     		mov	r0, r3
 655 0018 0837     		adds	r7, r7, #8
 656              	.LCFI66:
 657              		.cfi_def_cfa_offset 8
 658 001a BD46     		mov	sp, r7
 659              	.LCFI67:
 660              		.cfi_def_cfa_register 13
 661              		@ sp needed
 662 001c 80BD     		pop	{r7, pc}
 663              		.cfi_endproc
 664              	.LFE37:
 666              		.section	.text._times,"ax",%progbits
 667              		.align	1
 668              		.global	_times
 669              		.syntax unified
 670              		.thumb
 671              		.thumb_func
 672              		.fpu fpv4-sp-d16
 674              	_times:
 675              	.LFB38:
 126:./Src/syscalls.c **** 
 127:./Src/syscalls.c **** int _times(struct tms *buf)
 128:./Src/syscalls.c **** {
 676              		.loc 1 128 1
 677              		.cfi_startproc
 678              		@ args = 0, pretend = 0, frame = 8
 679              		@ frame_needed = 1, uses_anonymous_args = 0
 680              		@ link register save eliminated.
 681 0000 80B4     		push	{r7}
 682              	.LCFI68:
 683              		.cfi_def_cfa_offset 4
 684              		.cfi_offset 7, -4
 685 0002 83B0     		sub	sp, sp, #12
 686              	.LCFI69:
 687              		.cfi_def_cfa_offset 16
 688 0004 00AF     		add	r7, sp, #0
 689              	.LCFI70:
 690              		.cfi_def_cfa_register 7
 691 0006 7860     		str	r0, [r7, #4]
 129:./Src/syscalls.c **** 	return -1;
 692              		.loc 1 129 9
 693 0008 4FF0FF33 		mov	r3, #-1
 130:./Src/syscalls.c **** }
 694              		.loc 1 130 1
 695 000c 1846     		mov	r0, r3
ARM GAS  C:\Users\Benson\AppData\Local\Temp\ccrBtko7.s 			page 15


 696 000e 0C37     		adds	r7, r7, #12
 697              	.LCFI71:
 698              		.cfi_def_cfa_offset 4
 699 0010 BD46     		mov	sp, r7
 700              	.LCFI72:
 701              		.cfi_def_cfa_register 13
 702              		@ sp needed
 703 0012 5DF8047B 		ldr	r7, [sp], #4
 704              	.LCFI73:
 705              		.cfi_restore 7
 706              		.cfi_def_cfa_offset 0
 707 0016 7047     		bx	lr
 708              		.cfi_endproc
 709              	.LFE38:
 711              		.section	.text._stat,"ax",%progbits
 712              		.align	1
 713              		.global	_stat
 714              		.syntax unified
 715              		.thumb
 716              		.thumb_func
 717              		.fpu fpv4-sp-d16
 719              	_stat:
 720              	.LFB39:
 131:./Src/syscalls.c **** 
 132:./Src/syscalls.c **** int _stat(char *file, struct stat *st)
 133:./Src/syscalls.c **** {
 721              		.loc 1 133 1
 722              		.cfi_startproc
 723              		@ args = 0, pretend = 0, frame = 8
 724              		@ frame_needed = 1, uses_anonymous_args = 0
 725              		@ link register save eliminated.
 726 0000 80B4     		push	{r7}
 727              	.LCFI74:
 728              		.cfi_def_cfa_offset 4
 729              		.cfi_offset 7, -4
 730 0002 83B0     		sub	sp, sp, #12
 731              	.LCFI75:
 732              		.cfi_def_cfa_offset 16
 733 0004 00AF     		add	r7, sp, #0
 734              	.LCFI76:
 735              		.cfi_def_cfa_register 7
 736 0006 7860     		str	r0, [r7, #4]
 737 0008 3960     		str	r1, [r7]
 134:./Src/syscalls.c **** 	st->st_mode = S_IFCHR;
 738              		.loc 1 134 14
 739 000a 3B68     		ldr	r3, [r7]
 740 000c 4FF40052 		mov	r2, #8192
 741 0010 5A60     		str	r2, [r3, #4]
 135:./Src/syscalls.c **** 	return 0;
 742              		.loc 1 135 9
 743 0012 0023     		movs	r3, #0
 136:./Src/syscalls.c **** }
 744              		.loc 1 136 1
 745 0014 1846     		mov	r0, r3
 746 0016 0C37     		adds	r7, r7, #12
 747              	.LCFI77:
 748              		.cfi_def_cfa_offset 4
ARM GAS  C:\Users\Benson\AppData\Local\Temp\ccrBtko7.s 			page 16


 749 0018 BD46     		mov	sp, r7
 750              	.LCFI78:
 751              		.cfi_def_cfa_register 13
 752              		@ sp needed
 753 001a 5DF8047B 		ldr	r7, [sp], #4
 754              	.LCFI79:
 755              		.cfi_restore 7
 756              		.cfi_def_cfa_offset 0
 757 001e 7047     		bx	lr
 758              		.cfi_endproc
 759              	.LFE39:
 761              		.section	.text._link,"ax",%progbits
 762              		.align	1
 763              		.global	_link
 764              		.syntax unified
 765              		.thumb
 766              		.thumb_func
 767              		.fpu fpv4-sp-d16
 769              	_link:
 770              	.LFB40:
 137:./Src/syscalls.c **** 
 138:./Src/syscalls.c **** int _link(char *old, char *new)
 139:./Src/syscalls.c **** {
 771              		.loc 1 139 1
 772              		.cfi_startproc
 773              		@ args = 0, pretend = 0, frame = 8
 774              		@ frame_needed = 1, uses_anonymous_args = 0
 775 0000 80B5     		push	{r7, lr}
 776              	.LCFI80:
 777              		.cfi_def_cfa_offset 8
 778              		.cfi_offset 7, -8
 779              		.cfi_offset 14, -4
 780 0002 82B0     		sub	sp, sp, #8
 781              	.LCFI81:
 782              		.cfi_def_cfa_offset 16
 783 0004 00AF     		add	r7, sp, #0
 784              	.LCFI82:
 785              		.cfi_def_cfa_register 7
 786 0006 7860     		str	r0, [r7, #4]
 787 0008 3960     		str	r1, [r7]
 140:./Src/syscalls.c **** 	errno = EMLINK;
 788              		.loc 1 140 2
 789 000a FFF7FEFF 		bl	__errno
 790 000e 0346     		mov	r3, r0
 791              		.loc 1 140 8
 792 0010 1F22     		movs	r2, #31
 793 0012 1A60     		str	r2, [r3]
 141:./Src/syscalls.c **** 	return -1;
 794              		.loc 1 141 9
 795 0014 4FF0FF33 		mov	r3, #-1
 142:./Src/syscalls.c **** }
 796              		.loc 1 142 1
 797 0018 1846     		mov	r0, r3
 798 001a 0837     		adds	r7, r7, #8
 799              	.LCFI83:
 800              		.cfi_def_cfa_offset 8
 801 001c BD46     		mov	sp, r7
ARM GAS  C:\Users\Benson\AppData\Local\Temp\ccrBtko7.s 			page 17


 802              	.LCFI84:
 803              		.cfi_def_cfa_register 13
 804              		@ sp needed
 805 001e 80BD     		pop	{r7, pc}
 806              		.cfi_endproc
 807              	.LFE40:
 809              		.section	.text._fork,"ax",%progbits
 810              		.align	1
 811              		.global	_fork
 812              		.syntax unified
 813              		.thumb
 814              		.thumb_func
 815              		.fpu fpv4-sp-d16
 817              	_fork:
 818              	.LFB41:
 143:./Src/syscalls.c **** 
 144:./Src/syscalls.c **** int _fork(void)
 145:./Src/syscalls.c **** {
 819              		.loc 1 145 1
 820              		.cfi_startproc
 821              		@ args = 0, pretend = 0, frame = 0
 822              		@ frame_needed = 1, uses_anonymous_args = 0
 823 0000 80B5     		push	{r7, lr}
 824              	.LCFI85:
 825              		.cfi_def_cfa_offset 8
 826              		.cfi_offset 7, -8
 827              		.cfi_offset 14, -4
 828 0002 00AF     		add	r7, sp, #0
 829              	.LCFI86:
 830              		.cfi_def_cfa_register 7
 146:./Src/syscalls.c **** 	errno = EAGAIN;
 831              		.loc 1 146 2
 832 0004 FFF7FEFF 		bl	__errno
 833 0008 0346     		mov	r3, r0
 834              		.loc 1 146 8
 835 000a 0B22     		movs	r2, #11
 836 000c 1A60     		str	r2, [r3]
 147:./Src/syscalls.c **** 	return -1;
 837              		.loc 1 147 9
 838 000e 4FF0FF33 		mov	r3, #-1
 148:./Src/syscalls.c **** }
 839              		.loc 1 148 1
 840 0012 1846     		mov	r0, r3
 841 0014 80BD     		pop	{r7, pc}
 842              		.cfi_endproc
 843              	.LFE41:
 845              		.section	.text._execve,"ax",%progbits
 846              		.align	1
 847              		.global	_execve
 848              		.syntax unified
 849              		.thumb
 850              		.thumb_func
 851              		.fpu fpv4-sp-d16
 853              	_execve:
 854              	.LFB42:
 149:./Src/syscalls.c **** 
 150:./Src/syscalls.c **** int _execve(char *name, char **argv, char **env)
ARM GAS  C:\Users\Benson\AppData\Local\Temp\ccrBtko7.s 			page 18


 151:./Src/syscalls.c **** {
 855              		.loc 1 151 1
 856              		.cfi_startproc
 857              		@ args = 0, pretend = 0, frame = 16
 858              		@ frame_needed = 1, uses_anonymous_args = 0
 859 0000 80B5     		push	{r7, lr}
 860              	.LCFI87:
 861              		.cfi_def_cfa_offset 8
 862              		.cfi_offset 7, -8
 863              		.cfi_offset 14, -4
 864 0002 84B0     		sub	sp, sp, #16
 865              	.LCFI88:
 866              		.cfi_def_cfa_offset 24
 867 0004 00AF     		add	r7, sp, #0
 868              	.LCFI89:
 869              		.cfi_def_cfa_register 7
 870 0006 F860     		str	r0, [r7, #12]
 871 0008 B960     		str	r1, [r7, #8]
 872 000a 7A60     		str	r2, [r7, #4]
 152:./Src/syscalls.c **** 	errno = ENOMEM;
 873              		.loc 1 152 2
 874 000c FFF7FEFF 		bl	__errno
 875 0010 0346     		mov	r3, r0
 876              		.loc 1 152 8
 877 0012 0C22     		movs	r2, #12
 878 0014 1A60     		str	r2, [r3]
 153:./Src/syscalls.c **** 	return -1;
 879              		.loc 1 153 9
 880 0016 4FF0FF33 		mov	r3, #-1
 154:./Src/syscalls.c **** }
 881              		.loc 1 154 1
 882 001a 1846     		mov	r0, r3
 883 001c 1037     		adds	r7, r7, #16
 884              	.LCFI90:
 885              		.cfi_def_cfa_offset 8
 886 001e BD46     		mov	sp, r7
 887              	.LCFI91:
 888              		.cfi_def_cfa_register 13
 889              		@ sp needed
 890 0020 80BD     		pop	{r7, pc}
 891              		.cfi_endproc
 892              	.LFE42:
 894              		.weak	__io_putchar
 895              		.weak	__io_getchar
 896              		.text
 897              	.Letext0:
 898              		.file 2 "c:\\program files (x86)\\gnu arm embedded toolchain\\10 2021.07\\arm-none-eabi\\include\\
 899              		.file 3 "c:\\program files (x86)\\gnu arm embedded toolchain\\10 2021.07\\arm-none-eabi\\include\\
 900              		.file 4 "c:\\program files (x86)\\gnu arm embedded toolchain\\10 2021.07\\arm-none-eabi\\include\\
 901              		.file 5 "c:\\program files (x86)\\gnu arm embedded toolchain\\10 2021.07\\arm-none-eabi\\include\\
 902              		.file 6 "c:\\program files (x86)\\gnu arm embedded toolchain\\10 2021.07\\arm-none-eabi\\include\\
 903              		.file 7 "c:\\program files (x86)\\gnu arm embedded toolchain\\10 2021.07\\arm-none-eabi\\include\\
 904              		.file 8 "c:\\program files (x86)\\gnu arm embedded toolchain\\10 2021.07\\arm-none-eabi\\include\\
ARM GAS  C:\Users\Benson\AppData\Local\Temp\ccrBtko7.s 			page 19


DEFINED SYMBOLS
                            *ABS*:00000000 syscalls.c
C:\Users\Benson\AppData\Local\Temp\ccrBtko7.s:22     .bss.__env:00000000 __env
C:\Users\Benson\AppData\Local\Temp\ccrBtko7.s:19     .bss.__env:00000000 $d
C:\Users\Benson\AppData\Local\Temp\ccrBtko7.s:29     .data.environ:00000000 environ
C:\Users\Benson\AppData\Local\Temp\ccrBtko7.s:26     .data.environ:00000000 $d
C:\Users\Benson\AppData\Local\Temp\ccrBtko7.s:32     .text.initialise_monitor_handles:00000000 $t
C:\Users\Benson\AppData\Local\Temp\ccrBtko7.s:40     .text.initialise_monitor_handles:00000000 initialise_monitor_handles
C:\Users\Benson\AppData\Local\Temp\ccrBtko7.s:70     .text._getpid:00000000 $t
C:\Users\Benson\AppData\Local\Temp\ccrBtko7.s:77     .text._getpid:00000000 _getpid
C:\Users\Benson\AppData\Local\Temp\ccrBtko7.s:108    .text._kill:00000000 $t
C:\Users\Benson\AppData\Local\Temp\ccrBtko7.s:115    .text._kill:00000000 _kill
C:\Users\Benson\AppData\Local\Temp\ccrBtko7.s:156    .text._exit:00000000 $t
C:\Users\Benson\AppData\Local\Temp\ccrBtko7.s:163    .text._exit:00000000 _exit
C:\Users\Benson\AppData\Local\Temp\ccrBtko7.s:192    .text._read:00000000 $t
C:\Users\Benson\AppData\Local\Temp\ccrBtko7.s:199    .text._read:00000000 _read
C:\Users\Benson\AppData\Local\Temp\ccrBtko7.s:261    .text._write:00000000 $t
C:\Users\Benson\AppData\Local\Temp\ccrBtko7.s:268    .text._write:00000000 _write
C:\Users\Benson\AppData\Local\Temp\ccrBtko7.s:329    .text._close:00000000 $t
C:\Users\Benson\AppData\Local\Temp\ccrBtko7.s:336    .text._close:00000000 _close
C:\Users\Benson\AppData\Local\Temp\ccrBtko7.s:374    .text._fstat:00000000 $t
C:\Users\Benson\AppData\Local\Temp\ccrBtko7.s:381    .text._fstat:00000000 _fstat
C:\Users\Benson\AppData\Local\Temp\ccrBtko7.s:424    .text._isatty:00000000 $t
C:\Users\Benson\AppData\Local\Temp\ccrBtko7.s:431    .text._isatty:00000000 _isatty
C:\Users\Benson\AppData\Local\Temp\ccrBtko7.s:469    .text._lseek:00000000 $t
C:\Users\Benson\AppData\Local\Temp\ccrBtko7.s:476    .text._lseek:00000000 _lseek
C:\Users\Benson\AppData\Local\Temp\ccrBtko7.s:516    .text._open:00000000 $t
C:\Users\Benson\AppData\Local\Temp\ccrBtko7.s:523    .text._open:00000000 _open
C:\Users\Benson\AppData\Local\Temp\ccrBtko7.s:573    .text._wait:00000000 $t
C:\Users\Benson\AppData\Local\Temp\ccrBtko7.s:580    .text._wait:00000000 _wait
C:\Users\Benson\AppData\Local\Temp\ccrBtko7.s:620    .text._unlink:00000000 $t
C:\Users\Benson\AppData\Local\Temp\ccrBtko7.s:627    .text._unlink:00000000 _unlink
C:\Users\Benson\AppData\Local\Temp\ccrBtko7.s:667    .text._times:00000000 $t
C:\Users\Benson\AppData\Local\Temp\ccrBtko7.s:674    .text._times:00000000 _times
C:\Users\Benson\AppData\Local\Temp\ccrBtko7.s:712    .text._stat:00000000 $t
C:\Users\Benson\AppData\Local\Temp\ccrBtko7.s:719    .text._stat:00000000 _stat
C:\Users\Benson\AppData\Local\Temp\ccrBtko7.s:762    .text._link:00000000 $t
C:\Users\Benson\AppData\Local\Temp\ccrBtko7.s:769    .text._link:00000000 _link
C:\Users\Benson\AppData\Local\Temp\ccrBtko7.s:810    .text._fork:00000000 $t
C:\Users\Benson\AppData\Local\Temp\ccrBtko7.s:817    .text._fork:00000000 _fork
C:\Users\Benson\AppData\Local\Temp\ccrBtko7.s:846    .text._execve:00000000 $t
C:\Users\Benson\AppData\Local\Temp\ccrBtko7.s:853    .text._execve:00000000 _execve

UNDEFINED SYMBOLS
__errno
__io_getchar
__io_putchar
